
 Start         Length     Name                   Class
 0001:00401000 00003FEB0H _TEXT                  CODE
 0002:00441000 00000C380H _DATA                  DATA
 0003:0044D380 000000C0CH _BSS                   BSS
 0004:00000000 00000009CH _TLS                   TLS


Detailed map of segments
 0001:00000000 0000014F C=CODE    S=_TEXT    G=(none)   M=C:\BCC55\LIB\C0X32.OBJ ACBP=A9
 0001:00000150 0000F0E8 C=CODE    S=_TEXT    G=(none)   M=C:\ORANGEC\SRC\DLMZ\DLMZMAIN.OBJ ACBP=A9
 0001:0000F238 00000FF2 C=CODE    S=_TEXT    G=(none)   M=C:\ORANGEC\SRC\DLMZ\REAL.OBJ ACBP=A9
 0001:00010220 0000029D C=CODE    S=_TEXT    G=(none)   M=C:\ORANGEC\SRC\DLMZ\TINY.OBJ ACBP=A9
 0001:000104B2 00000214 C=CODE    S=_TEXT    G=(none)   M=C:\ORANGEC\SRC\OBJECT\OBJ.LIB|ObjExpression ACBP=A9
 0001:000106BB 0000061D C=CODE    S=_TEXT    G=(none)   M=C:\ORANGEC\SRC\OBJECT\OBJ.LIB|ObjFactory ACBP=A9
 0001:00010CB8 0000059E C=CODE    S=_TEXT    G=(none)   M=C:\ORANGEC\SRC\OBJECT\OBJ.LIB|ObjFile ACBP=A9
 0001:0001124C 0000A1CF C=CODE    S=_TEXT    G=(none)   M=C:\ORANGEC\SRC\OBJECT\OBJ.LIB|ObjIeeeRead ACBP=A9
 0001:0001B41B 00005639 C=CODE    S=_TEXT    G=(none)   M=C:\ORANGEC\SRC\OBJECT\OBJ.LIB|ObjIeeeWrite ACBP=A9
 0001:00020A4A 000001E5 C=CODE    S=_TEXT    G=(none)   M=C:\ORANGEC\SRC\OBJECT\OBJ.LIB|ObjIndexManager ACBP=A9
 0001:00020C24 000000DB C=CODE    S=_TEXT    G=(none)   M=C:\ORANGEC\SRC\OBJECT\OBJ.LIB|ObjMemory ACBP=A9
 0001:00020CDF 000000A9 C=CODE    S=_TEXT    G=(none)   M=C:\ORANGEC\SRC\OBJECT\OBJ.LIB|ObjSourceFile ACBP=A9
 0001:00020D80 000000EE C=CODE    S=_TEXT    G=(none)   M=C:\ORANGEC\SRC\OBJECT\OBJ.LIB|ObjType ACBP=A9
 0001:00020DEA 000012CE C=CODE    S=_TEXT    G=(none)   M=C:\ORANGEC\SRC\OBJECT\OBJ.LIB|ObjUtil ACBP=A9
 0001:00022064 000000EC C=CODE    S=_TEXT    G=(none)   M=C:\ORANGEC\SRC\OBJECT\UTIL.LIB|CmdFiles ACBP=A9
 0001:00022141 0000114F C=CODE    S=_TEXT    G=(none)   M=C:\ORANGEC\SRC\OBJECT\UTIL.LIB|CmdSwitch ACBP=A9
 0001:0002323C 00000203 C=CODE    S=_TEXT    G=(none)   M=C:\ORANGEC\SRC\OBJECT\UTIL.LIB|Utils ACBP=A9
 0001:000233EC 0000002B C=CODE    S=_TEXT    G=(none)   M=C:\BCC55\LIB\CW32.LIB|calloc ACBP=A9
 0001:00023418 0000000F C=CODE    S=_TEXT    G=(none)   M=C:\BCC55\LIB\CW32.LIB|del ACBP=A9
 0001:00023428 0000000F C=CODE    S=_TEXT    G=(none)   M=C:\BCC55\LIB\CW32.LIB|delarray ACBP=A9
 0001:00023438 000000AE C=CODE    S=_TEXT    G=(none)   M=C:\BCC55\LIB\CW32.LIB|new ACBP=A9
 0001:000234DC 0000000F C=CODE    S=_TEXT    G=(none)   M=C:\BCC55\LIB\CW32.LIB|newarray ACBP=A9
 0001:000234EC 000000DB C=CODE    S=_TEXT    G=(none)   M=C:\BCC55\LIB\CW32.LIB|setnew ACBP=A9
 0001:000235C0 0000015F C=CODE    S=_TEXT    G=(none)   M=C:\BCC55\LIB\CW32.LIB|vdelldtc ACBP=A9
 0001:00023720 000001BB C=CODE    S=_TEXT    G=(none)   M=C:\BCC55\LIB\CW32.LIB|vnewldtc ACBP=A9
 0001:000238DC 00000111 C=CODE    S=_TEXT    G=(none)   M=C:\BCC55\LIB\CW32.LIB|virtmem ACBP=A9
 0001:000239F0 0000009F C=CODE    S=_TEXT    G=(none)   M=C:\BCC55\LIB\CW32.LIB|hrdir_b ACBP=A9
 0001:00023A90 00000020 C=CODE    S=_TEXT    G=(none)   M=C:\BCC55\LIB\CW32.LIB|hrdir_mf ACBP=A9
 0001:00023AB0 00000016 C=CODE    S=_TEXT    G=(none)   M=C:\BCC55\LIB\CW32.LIB|hrdir_r ACBP=A9
 0001:00023AC8 000000B8 C=CODE    S=_TEXT    G=(none)   M=C:\BCC55\LIB\CW32.LIB|hrdir_s ACBP=A9
 0001:00023B80 00000001 C=CODE    S=_TEXT    G=(none)   M=C:\BCC55\LIB\CW32.LIB|hrdir_us ACBP=A9
 0001:00023B84 000009CC C=CODE    S=_TEXT    G=(none)   M=C:\BCC55\LIB\CW32.LIB|heap ACBP=A9
 0001:00024550 00000292 C=CODE    S=_TEXT    G=(none)   M=C:\BCC55\LIB\CW32.LIB|realloc ACBP=A9
 0001:000247E4 00000001 C=CODE    S=_TEXT    G=(none)   M=C:\BCC55\LIB\CW32.LIB|crtlst_i ACBP=A9
 0001:000247E8 00000001 C=CODE    S=_TEXT    G=(none)   M=C:\BCC55\LIB\CW32.LIB|crtlst_l ACBP=A9
 0001:000247E9 00000043 C=CODE    S=_TEXT    G=(none)   M=C:\BCC55\LIB\CW32.LIB|predecl ACBP=A9
 0001:0002480C 0000BC31 C=CODE    S=_TEXT    G=(none)   M=C:\BCC55\LIB\CW32.LIB|allstl ACBP=A9
 0001:00030415 00000507 C=CODE    S=_TEXT    G=(none)   M=C:\BCC55\LIB\CW32.LIB|ios ACBP=A9
 0001:000308C8 000001D5 C=CODE    S=_TEXT    G=(none)   M=C:\BCC55\LIB\CW32.LIB|iostream ACBP=A9
 0001:00030A49 00000D03 C=CODE    S=_TEXT    G=(none)   M=C:\BCC55\LIB\CW32.LIB|strstrea ACBP=A9
 0001:000316F8 0000000C C=CODE    S=_TEXT    G=(none)   M=C:\BCC55\LIB\CW32.LIB|limits ACBP=A9
 0001:000316FF 000003F0 C=CODE    S=_TEXT    G=(none)   M=C:\BCC55\LIB\CW32.LIB|byname ACBP=A9
 0001:00031AE4 00000611 C=CODE    S=_TEXT    G=(none)   M=C:\BCC55\LIB\CW32.LIB|char ACBP=A9
 0001:000320DC 00000416 C=CODE    S=_TEXT    G=(none)   M=C:\BCC55\LIB\CW32.LIB|charby ACBP=A9
 0001:000324B0 00000A59 C=CODE    S=_TEXT    G=(none)   M=C:\BCC55\LIB\CW32.LIB|rwcats ACBP=A9
 0001:00032F0C 0000127D C=CODE    S=_TEXT    G=(none)   M=C:\BCC55\LIB\CW32.LIB|rwlocale ACBP=A9
 0001:00034147 00000AFF C=CODE    S=_TEXT    G=(none)   M=C:\BCC55\LIB\CW32.LIB|vendor ACBP=A9
 0001:00034C2C 000004D5 C=CODE    S=_TEXT    G=(none)   M=C:\BCC55\LIB\CW32.LIB|stdexcpt ACBP=A9
 0001:00035080 0000001E C=CODE    S=_TEXT    G=(none)   M=C:\BCC55\LIB\CW32.LIB|memchr ACBP=A9
 0001:000350A0 00000024 C=CODE    S=_TEXT    G=(none)   M=C:\BCC55\LIB\CW32.LIB|memcpy ACBP=A9
 0001:000350C4 0000004A C=CODE    S=_TEXT    G=(none)   M=C:\BCC55\LIB\CW32.LIB|memmove ACBP=A9
 0001:00035110 0000008A C=CODE    S=_TEXT    G=(none)   M=C:\BCC55\LIB\CW32.LIB|memset ACBP=A9
 0001:0003519C 00000018 C=CODE    S=_TEXT    G=(none)   M=C:\BCC55\LIB\CW32.LIB|wmemset ACBP=A9
 0001:000351B4 0000003C C=CODE    S=_TEXT    G=(none)   M=C:\BCC55\LIB\CW32.LIB|strcat ACBP=A9
 0001:000351F0 00000053 C=CODE    S=_TEXT    G=(none)   M=C:\BCC55\LIB\CW32.LIB|strchr ACBP=A9
 0001:00035244 0000002F C=CODE    S=_TEXT    G=(none)   M=C:\BCC55\LIB\CW32.LIB|strcpy ACBP=A9
 0001:00035274 0000005A C=CODE    S=_TEXT    G=(none)   M=C:\BCC55\LIB\CW32.LIB|strlen ACBP=A9
 0001:000352D0 0000006E C=CODE    S=_TEXT    G=(none)   M=C:\BCC55\LIB\CW32.LIB|strncat ACBP=A9
 0001:00035340 0000000A C=CODE    S=_TEXT    G=(none)   M=C:\BCC55\LIB\CW32.LIB|__strchr ACBP=A9
 0001:0003534C 0000000A C=CODE    S=_TEXT    G=(none)   M=C:\BCC55\LIB\CW32.LIB|__strrch ACBP=A9
 0001:00035358 0000000A C=CODE    S=_TEXT    G=(none)   M=C:\BCC55\LIB\CW32.LIB|__strstr ACBP=A9
 0001:00035364 0000006C C=CODE    S=_TEXT    G=(none)   M=C:\BCC55\LIB\CW32.LIB|memcmp ACBP=A9
 0001:000353D0 00000032 C=CODE    S=_TEXT    G=(none)   M=C:\BCC55\LIB\CW32.LIB|strdup ACBP=A9
 0001:00035404 0000004F C=CODE    S=_TEXT    G=(none)   M=C:\BCC55\LIB\CW32.LIB|strncpy ACBP=A9
 0001:00035454 00000029 C=CODE    S=_TEXT    G=(none)   M=C:\BCC55\LIB\CW32.LIB|strrchr ACBP=A9
 0001:00035480 00000054 C=CODE    S=_TEXT    G=(none)   M=C:\BCC55\LIB\CW32.LIB|strstr ACBP=A9
 0001:000354D4 00000018 C=CODE    S=_TEXT    G=(none)   M=C:\BCC55\LIB\CW32.LIB|wcslen ACBP=A9
 0001:000354EC 0000003F C=CODE    S=_TEXT    G=(none)   M=C:\BCC55\LIB\CW32.LIB|wcscpy ACBP=A9
 0001:0003552C 00000070 C=CODE    S=_TEXT    G=(none)   M=C:\BCC55\LIB\CW32.LIB|xxa ACBP=A9
 0001:0003559C 00000778 C=CODE    S=_TEXT    G=(none)   M=C:\BCC55\LIB\CW32.LIB|xxtype ACBP=A9
 0001:00035CEE 000000B6 C=CODE    S=_TEXT    G=(none)   M=C:\BCC55\LIB\CW32.LIB|xxut ACBP=A9
 0001:00035D90 0000014B C=CODE    S=_TEXT    G=(none)   M=C:\BCC55\LIB\CW32.LIB|xxv ACBP=A9
 0001:00035EDC 0000000A C=CODE    S=_TEXT    G=(none)   M=C:\BCC55\LIB\CW32.LIB|defhandl ACBP=A9
 0001:00035EE8 00000179 C=CODE    S=_TEXT    G=(none)   M=C:\BCC55\LIB\CW32.LIB|except ACBP=A9
 0001:00036064 00000046 C=CODE    S=_TEXT    G=(none)   M=C:\BCC55\LIB\CW32.LIB|setexc ACBP=A9
 0001:000360AC 00000022 C=CODE    S=_TEXT    G=(none)   M=C:\BCC55\LIB\CW32.LIB|ta ACBP=A9
 0001:000360D0 00000060 C=CODE    S=_TEXT    G=(none)   M=C:\BCC55\LIB\CW32.LIB|__close ACBP=A9
 0001:00036130 00000047 C=CODE    S=_TEXT    G=(none)   M=C:\BCC55\LIB\CW32.LIB|__isatty ACBP=A9
 0001:00036178 00000076 C=CODE    S=_TEXT    G=(none)   M=C:\BCC55\LIB\CW32.LIB|__lseek ACBP=A9
 0001:000361F0 000001FA C=CODE    S=_TEXT    G=(none)   M=C:\BCC55\LIB\CW32.LIB|__open ACBP=A9
 0001:000363EC 0000019A C=CODE    S=_TEXT    G=(none)   M=C:\BCC55\LIB\CW32.LIB|__read ACBP=A9
 0001:00036588 000001FA C=CODE    S=_TEXT    G=(none)   M=C:\BCC55\LIB\CW32.LIB|__wopen ACBP=A9
 0001:00036784 0000011C C=CODE    S=_TEXT    G=(none)   M=C:\BCC55\LIB\CW32.LIB|__write ACBP=A9
 0001:000368A0 00000011 C=CODE    S=_TEXT    G=(none)   M=C:\BCC55\LIB\CW32.LIB|_cfinfo ACBP=A9
 0001:000368B4 00000038 C=CODE    S=_TEXT    G=(none)   M=C:\BCC55\LIB\CW32.LIB|_flshall ACBP=A9
 0001:000368EC 00000061 C=CODE    S=_TEXT    G=(none)   M=C:\BCC55\LIB\CW32.LIB|_read ACBP=A9
 0001:0003694D 00000017 C=CODE    S=_TEXT    G=(none)   M=C:\BCC55\LIB\CW32.LIB|_umask ACBP=A9
 0001:00036950 00000035 C=CODE    S=_TEXT    G=(none)   M=C:\BCC55\LIB\CW32.LIB|_wopen ACBP=A9
 0001:00036988 00000061 C=CODE    S=_TEXT    G=(none)   M=C:\BCC55\LIB\CW32.LIB|_write ACBP=A9
 0001:000369EC 0000007D C=CODE    S=_TEXT    G=(none)   M=C:\BCC55\LIB\CW32.LIB|allocbuf ACBP=A9
 0001:00036A6C 00000008 C=CODE    S=_TEXT    G=(none)   M=C:\BCC55\LIB\CW32.LIB|close ACBP=A9
 0001:00036A74 00000089 C=CODE    S=_TEXT    G=(none)   M=C:\BCC55\LIB\CW32.LIB|dosgftim ACBP=A9
 0001:00036B00 0000007F C=CODE    S=_TEXT    G=(none)   M=C:\BCC55\LIB\CW32.LIB|fflush ACBP=A9
 0001:00036B80 0000005A C=CODE    S=_TEXT    G=(none)   M=C:\BCC55\LIB\CW32.LIB|flushout ACBP=A9
 0001:00036BDC 00000023 C=CODE    S=_TEXT    G=(none)   M=C:\BCC55\LIB\CW32.LIB|fmodeptr ACBP=A9
 0001:00036C00 000000D9 C=CODE    S=_TEXT    G=(none)   M=C:\BCC55\LIB\CW32.LIB|fputn ACBP=A9
 0001:00036CDC 0000003B C=CODE    S=_TEXT    G=(none)   M=C:\BCC55\LIB\CW32.LIB|getftime ACBP=A9
 0001:00036D18 000002B9 C=CODE    S=_TEXT    G=(none)   M=C:\BCC55\LIB\CW32.LIB|handles ACBP=A9
 0001:00036FD4 00000076 C=CODE    S=_TEXT    G=(none)   M=C:\BCC55\LIB\CW32.LIB|ioerror ACBP=A9
 0001:0003704C 00000110 C=CODE    S=_TEXT    G=(none)   M=C:\BCC55\LIB\CW32.LIB|lputc ACBP=A9
 0001:0003715C 00000008 C=CODE    S=_TEXT    G=(none)   M=C:\BCC55\LIB\CW32.LIB|lseek ACBP=A9
 0001:00037164 00000010 C=CODE    S=_TEXT    G=(none)   M=C:\BCC55\LIB\CW32.LIB|open ACBP=A9
 0001:00037174 00000079 C=CODE    S=_TEXT    G=(none)   M=C:\BCC55\LIB\CW32.LIB|perror ACBP=A9
 0001:00037174 00000023 C=CODE    S=_TEXT    G=(none)   M=C:\BCC55\LIB\CW32.LIB|printf ACBP=A9
 0001:00037198 00000008 C=CODE    S=_TEXT    G=(none)   M=C:\BCC55\LIB\CW32.LIB|read ACBP=A9
 0001:000371A0 00000838 C=CODE    S=_TEXT    G=(none)   M=C:\BCC55\LIB\CW32.LIB|scanner ACBP=A9
 0001:000379D8 0000022B C=CODE    S=_TEXT    G=(none)   M=C:\BCC55\LIB\CW32.LIB|scn2i64 ACBP=A9
 0001:00037C04 00000078 C=CODE    S=_TEXT    G=(none)   M=C:\BCC55\LIB\CW32.LIB|sprintf ACBP=A9
 0001:00037C7C 00000073 C=CODE    S=_TEXT    G=(none)   M=C:\BCC55\LIB\CW32.LIB|sscanf ACBP=A9
 0001:00037CF0 00000115 C=CODE    S=_TEXT    G=(none)   M=C:\BCC55\LIB\CW32.LIB|streams ACBP=A9
 0001:00037E08 000009EC C=CODE    S=_TEXT    G=(none)   M=C:\BCC55\LIB\CW32.LIB|vprinter ACBP=A9
 0001:000387F4 00000023 C=CODE    S=_TEXT    G=(none)   M=C:\BCC55\LIB\CW32.LIB|vprintf ACBP=A9
 0001:00038818 00000008 C=CODE    S=_TEXT    G=(none)   M=C:\BCC55\LIB\CW32.LIB|write ACBP=A9
 0001:00038820 00000027 C=CODE    S=_TEXT    G=(none)   M=C:\BCC55\LIB\CW32.LIB|xfflush ACBP=A9
 0001:00038848 00000006 C=CODE    S=_TEXT    G=(none)   M=C:\BCC55\LIB\CW32.LIB|cconv ACBP=A9
 0001:00038850 000002C3 C=CODE    S=_TEXT    G=(none)   M=C:\BCC55\LIB\CW32.LIB|convt ACBP=A9
 0001:00038B14 00000051 C=CODE    S=_TEXT    G=(none)   M=C:\BCC55\LIB\CW32.LIB|getinfo ACBP=A9
 0001:00038B68 00000102 C=CODE    S=_TEXT    G=(none)   M=C:\BCC55\LIB\CW32.LIB|is ACBP=A9
 0001:00038C6C 00000103 C=CODE    S=_TEXT    G=(none)   M=C:\BCC55\LIB\CW32.LIB|wis ACBP=A9
 0001:00038D70 00000043 C=CODE    S=_TEXT    G=(none)   M=C:\BCC55\LIB\CW32.LIB|isctype ACBP=A9
 0001:00038DB4 00000055 C=CODE    S=_TEXT    G=(none)   M=C:\BCC55\LIB\CW32.LIB|iswctype ACBP=A9
 0001:00038E0C 0000117F C=CODE    S=_TEXT    G=(none)   M=C:\BCC55\LIB\CW32.LIB|locale ACBP=A9
 0001:00039F8C 0000080E C=CODE    S=_TEXT    G=(none)   M=C:\BCC55\LIB\CW32.LIB|initcat ACBP=A9
 0001:0003A79C 00000097 C=CODE    S=_TEXT    G=(none)   M=C:\BCC55\LIB\CW32.LIB|lconv ACBP=A9
 0001:0003A834 00000024 C=CODE    S=_TEXT    G=(none)   M=C:\BCC55\LIB\CW32.LIB|lstrlwr ACBP=A9
 0001:0003A858 00000054 C=CODE    S=_TEXT    G=(none)   M=C:\BCC55\LIB\CW32.LIB|ltolower ACBP=A9
 0001:0003A8AC 00000054 C=CODE    S=_TEXT    G=(none)   M=C:\BCC55\LIB\CW32.LIB|ltoupper ACBP=A9
 0001:0003A900 000004D0 C=CODE    S=_TEXT    G=(none)   M=C:\BCC55\LIB\CW32.LIB|mbyte1 ACBP=A9
 0001:0003ADD0 00000016 C=CODE    S=_TEXT    G=(none)   M=C:\BCC55\LIB\CW32.LIB|lsetlocl ACBP=A9
 0001:0003ADE8 00000200 C=CODE    S=_TEXT    G=(none)   M=C:\BCC55\LIB\CW32.LIB|_ll ACBP=A9
 0001:0003AFE8 00000008 C=CODE    S=_TEXT    G=(none)   M=C:\BCC55\LIB\CW32.LIB|_ltoa1 ACBP=A9
 0001:0003AFF0 00000188 C=CODE    S=_TEXT    G=(none)   M=C:\BCC55\LIB\CW32.LIB|_pow10 ACBP=A9
 0001:0003B178 00000077 C=CODE    S=_TEXT    G=(none)   M=C:\BCC55\LIB\CW32.LIB|atol ACBP=A9
 0001:0003B1F0 00000013 C=CODE    S=_TEXT    G=(none)   M=C:\BCC55\LIB\CW32.LIB|clear87 ACBP=A9
 0001:0003B204 0000002F C=CODE    S=_TEXT    G=(none)   M=C:\BCC55\LIB\CW32.LIB|ctrl87 ACBP=A9
 0001:0003B234 00000018 C=CODE    S=_TEXT    G=(none)   M=C:\BCC55\LIB\CW32.LIB|cvtentry ACBP=A9
 0001:0003B24C 00000018 C=CODE    S=_TEXT    G=(none)   M=C:\BCC55\LIB\CW32.LIB|cvtfak ACBP=A9
 0001:0003B264 00000018 C=CODE    S=_TEXT    G=(none)   M=C:\BCC55\LIB\CW32.LIB|cvtfakw ACBP=A9
 0001:0003B27C 00000016 C=CODE    S=_TEXT    G=(none)   M=C:\BCC55\LIB\CW32.LIB|fpreset ACBP=A9
 0001:0003B294 0000002D C=CODE    S=_TEXT    G=(none)   M=C:\BCC55\LIB\CW32.LIB|fuildq ACBP=A9
 0001:0003B2C4 00000021 C=CODE    S=_TEXT    G=(none)   M=C:\BCC55\LIB\CW32.LIB|fuistq ACBP=A9
 0001:0003B2E8 00000011 C=CODE    S=_TEXT    G=(none)   M=C:\BCC55\LIB\CW32.LIB|fxam ACBP=A9
 0001:0003B2FC 000000B1 C=CODE    S=_TEXT    G=(none)   M=C:\BCC55\LIB\CW32.LIB|int64toa ACBP=A9
 0001:0003B3B0 00000117 C=CODE    S=_TEXT    G=(none)   M=C:\BCC55\LIB\CW32.LIB|ldtrunc ACBP=A9
 0001:0003B4C8 0000008F C=CODE    S=_TEXT    G=(none)   M=C:\BCC55\LIB\CW32.LIB|longtoa ACBP=A9
 0001:0003B558 00000075 C=CODE    S=_TEXT    G=(none)   M=C:\BCC55\LIB\CW32.LIB|ltoa1 ACBP=A9
 0001:0003B5D0 0000002A C=CODE    S=_TEXT    G=(none)   M=C:\BCC55\LIB\CW32.LIB|matherr ACBP=A9
 0001:0003B5FC 0000002E C=CODE    S=_TEXT    G=(none)   M=C:\BCC55\LIB\CW32.LIB|matherrl ACBP=A9
 0001:0003B62C 00000016 C=CODE    S=_TEXT    G=(none)   M=C:\BCC55\LIB\CW32.LIB|mathptr ACBP=A9
 0001:0003B644 00000025 C=CODE    S=_TEXT    G=(none)   M=C:\BCC55\LIB\CW32.LIB|qdiv10 ACBP=A9
 0001:0003B66C 0000002E C=CODE    S=_TEXT    G=(none)   M=C:\BCC55\LIB\CW32.LIB|qmul10 ACBP=A9
 0001:0003B69C 000002F9 C=CODE    S=_TEXT    G=(none)   M=C:\BCC55\LIB\CW32.LIB|realcvt ACBP=A9
 0001:0003B998 00000331 C=CODE    S=_TEXT    G=(none)   M=C:\BCC55\LIB\CW32.LIB|realcvtw ACBP=A9
 0001:0003BCCC 000004E1 C=CODE    S=_TEXT    G=(none)   M=C:\BCC55\LIB\CW32.LIB|scantod ACBP=A9
 0001:0003C1B0 000004DD C=CODE    S=_TEXT    G=(none)   M=C:\BCC55\LIB\CW32.LIB|scanwtod ACBP=A9
 0001:0003C690 000002D2 C=CODE    S=_TEXT    G=(none)   M=C:\BCC55\LIB\CW32.LIB|xcvt ACBP=A9
 0001:0003C964 000002F1 C=CODE    S=_TEXT    G=(none)   M=C:\BCC55\LIB\CW32.LIB|xcvtw ACBP=A9
 0001:0003CC58 00000139 C=CODE    S=_TEXT    G=(none)   M=C:\BCC55\LIB\CW32.LIB|mbctype ACBP=A9
 0001:0003CD94 0000001A C=CODE    S=_TEXT    G=(none)   M=C:\BCC55\LIB\CW32.LIB|mbisspc ACBP=A9
 0001:0003CDB0 000000BF C=CODE    S=_TEXT    G=(none)   M=C:\BCC55\LIB\CW32.LIB|mbsnbicm ACBP=A9
 0001:0003CE70 00000056 C=CODE    S=_TEXT    G=(none)   M=C:\BCC55\LIB\CW32.LIB|mbsrchr ACBP=A9
 0001:0003CEC8 000000A6 C=CODE    S=_TEXT    G=(none)   M=C:\BCC55\LIB\CW32.LIB|assert ACBP=A9
 0001:0003CF70 000000B8 C=CODE    S=_TEXT    G=(none)   M=C:\BCC55\LIB\CW32.LIB|ermsghlp ACBP=A9
 0001:0003D028 00000006 C=CODE    S=_TEXT    G=(none)   M=C:\BCC55\LIB\CW32.LIB|errno ACBP=A9
 0001:0003D028 0000019B C=CODE    S=_TEXT    G=(none)   M=C:\BCC55\LIB\CW32.LIB|errormsg ACBP=A9
 0001:0003D1C4 00000089 C=CODE    S=_TEXT    G=(none)   M=C:\BCC55\LIB\CW32.LIB|platform ACBP=A9
 0001:0003D24D 00000013 C=CODE    S=_TEXT    G=(none)   M=C:\BCC55\LIB\CW32.LIB|pureerr ACBP=A9
 0001:0003D260 00000022 C=CODE    S=_TEXT    G=(none)   M=C:\BCC55\LIB\CW32.LIB|abort ACBP=A9
 0001:0003D284 000000A7 C=CODE    S=_TEXT    G=(none)   M=C:\BCC55\LIB\CW32.LIB|exit ACBP=A9
 0001:0003D32C 00000057 C=CODE    S=_TEXT    G=(none)   M=C:\BCC55\LIB\CW32.LIB|getenv ACBP=A9
 0001:0003D384 0000001A C=CODE    S=_TEXT    G=(none)   M=C:\BCC55\LIB\CW32.LIB|initwild ACBP=A9
 0001:0003D3A0 00000011 C=CODE    S=_TEXT    G=(none)   M=C:\BCC55\LIB\CW32.LIB|exparg ACBP=A9
 0001:0003D3B4 00000011 C=CODE    S=_TEXT    G=(none)   M=C:\BCC55\LIB\CW32.LIB|wexparg ACBP=A9
 0001:0003D3C8 00000027 C=CODE    S=_TEXT    G=(none)   M=C:\BCC55\LIB\CW32.LIB|initargv ACBP=A9
 0001:0003D3F0 0000016C C=CODE    S=_TEXT    G=(none)   M=C:\BCC55\LIB\CW32.LIB|setargv ACBP=A9
 0001:0003D55C 000001E5 C=CODE    S=_TEXT    G=(none)   M=C:\BCC55\LIB\CW32.LIB|hsargv ACBP=A9
 0001:0003D744 00000227 C=CODE    S=_TEXT    G=(none)   M=C:\BCC55\LIB\CW32.LIB|whsargv ACBP=A9
 0001:0003D96C 00000045 C=CODE    S=_TEXT    G=(none)   M=C:\BCC55\LIB\CW32.LIB|setargv0 ACBP=A9
 0001:0003D9B4 000001A0 C=CODE    S=_TEXT    G=(none)   M=C:\BCC55\LIB\CW32.LIB|setenvp ACBP=A9
 0001:0003DB54 000002F8 C=CODE    S=_TEXT    G=(none)   M=C:\BCC55\LIB\CW32.LIB|signal ACBP=A9
 0001:0003DE4C 00000157 C=CODE    S=_TEXT    G=(none)   M=C:\BCC55\LIB\CW32.LIB|initexit ACBP=A9
 0001:0003DFA4 000001A4 C=CODE    S=_TEXT    G=(none)   M=C:\BCC55\LIB\CW32.LIB|startup ACBP=A9
 0001:0003E148 0000004F C=CODE    S=_TEXT    G=(none)   M=C:\BCC55\LIB\CW32.LIB|tlsstat ACBP=A9
 0001:0003E198 00001BA2 C=CODE    S=_TEXT    G=(none)   M=C:\BCC55\LIB\CW32.LIB|xx ACBP=A9
 0002:000000F0 000000A4 C=DATA    S=_DATA    G=DGROUP   M=C:\BCC55\LIB\C0X32.OBJ ACBP=A9
 0002:00000194 000021D9 C=DATA    S=_DATA    G=DGROUP   M=C:\ORANGEC\SRC\DLMZ\DLMZMAIN.OBJ ACBP=A9
 0002:0000236C 000001E5 C=DATA    S=_DATA    G=DGROUP   M=C:\ORANGEC\SRC\DLMZ\REAL.OBJ ACBP=A9
 0002:00002550 00000051 C=DATA    S=_DATA    G=DGROUP   M=C:\ORANGEC\SRC\DLMZ\TINY.OBJ ACBP=A9
 0002:000025A0 00000001 C=DATA    S=_DATA    G=DGROUP   M=C:\ORANGEC\SRC\OBJECT\OBJ.LIB|ObjExpression ACBP=A9
 0002:000025A0 000000C5 C=DATA    S=_DATA    G=DGROUP   M=C:\ORANGEC\SRC\OBJECT\OBJ.LIB|ObjFactory ACBP=A9
 0002:00002664 00000095 C=DATA    S=_DATA    G=DGROUP   M=C:\ORANGEC\SRC\OBJECT\OBJ.LIB|ObjFile ACBP=A9
 0002:000026F8 00001439 C=DATA    S=_DATA    G=DGROUP   M=C:\ORANGEC\SRC\OBJECT\OBJ.LIB|ObjIeeeRead ACBP=A9
 0002:00003B30 0000175D C=DATA    S=_DATA    G=DGROUP   M=C:\ORANGEC\SRC\OBJECT\OBJ.LIB|ObjIeeeWrite ACBP=A9
 0002:0000528C 00000001 C=DATA    S=_DATA    G=DGROUP   M=C:\ORANGEC\SRC\OBJECT\OBJ.LIB|ObjIndexManager ACBP=A9
 0002:0000528C 00000031 C=DATA    S=_DATA    G=DGROUP   M=C:\ORANGEC\SRC\OBJECT\OBJ.LIB|ObjMemory ACBP=A9
 0002:000052BC 00000031 C=DATA    S=_DATA    G=DGROUP   M=C:\ORANGEC\SRC\OBJECT\OBJ.LIB|ObjType ACBP=A9
 0002:000052EC 00000461 C=DATA    S=_DATA    G=DGROUP   M=C:\ORANGEC\SRC\OBJECT\OBJ.LIB|ObjUtil ACBP=A9
 0002:0000574C 00000009 C=DATA    S=_DATA    G=DGROUP   M=C:\ORANGEC\SRC\OBJECT\UTIL.LIB|CmdFiles ACBP=A9
 0002:00005754 000000F9 C=DATA    S=_DATA    G=DGROUP   M=C:\ORANGEC\SRC\OBJECT\UTIL.LIB|CmdSwitch ACBP=A9
 0002:0000584C 00000075 C=DATA    S=_DATA    G=DGROUP   M=C:\ORANGEC\SRC\OBJECT\UTIL.LIB|Utils ACBP=A9
 0002:000058C0 00000070 C=DATA    S=_DATA    G=DGROUP   M=C:\BCC55\LIB\CW32.LIB|new ACBP=A9
 0002:00005930 00000088 C=DATA    S=_DATA    G=DGROUP   M=C:\BCC55\LIB\CW32.LIB|setnew ACBP=A9
 0002:000059A4 00000054 C=DATA    S=_DATA    G=DGROUP   M=C:\BCC55\LIB\CW32.LIB|vdelldtc ACBP=A9
 0002:000059F8 00000074 C=DATA    S=_DATA    G=DGROUP   M=C:\BCC55\LIB\CW32.LIB|vnewldtc ACBP=A9
 0002:00005A6C 00000004 C=DATA    S=_DATA    G=DGROUP   M=C:\BCC55\LIB\CW32.LIB|virtmem ACBP=A9
 0002:00005A70 00000098 C=DATA    S=_DATA    G=DGROUP   M=C:\BCC55\LIB\CW32.LIB|hrdir_b ACBP=A9
 0002:00005B08 00000020 C=DATA    S=_DATA    G=DGROUP   M=C:\BCC55\LIB\CW32.LIB|hrdir_s ACBP=A9
 0002:00005B28 00000040 C=DATA    S=_DATA    G=DGROUP   M=C:\BCC55\LIB\CW32.LIB|heap ACBP=A9
 0002:00005B68 00002B8D C=DATA    S=_DATA    G=DGROUP   M=C:\BCC55\LIB\CW32.LIB|allstl ACBP=A9
 0002:000086F4 00000081 C=DATA    S=_DATA    G=DGROUP   M=C:\BCC55\LIB\CW32.LIB|fstream ACBP=A9
 0002:00008774 0000018D C=DATA    S=_DATA    G=DGROUP   M=C:\BCC55\LIB\CW32.LIB|ios ACBP=A9
 0002:00008900 00000081 C=DATA    S=_DATA    G=DGROUP   M=C:\BCC55\LIB\CW32.LIB|iostream ACBP=A9
 0002:00008980 00000105 C=DATA    S=_DATA    G=DGROUP   M=C:\BCC55\LIB\CW32.LIB|strstrea ACBP=A9
 0002:00008A84 00000004 C=DATA    S=_DATA    G=DGROUP   M=C:\BCC55\LIB\CW32.LIB|limits ACBP=A9
 0002:00008A84 000000ED C=DATA    S=_DATA    G=DGROUP   M=C:\BCC55\LIB\CW32.LIB|byname ACBP=A9
 0002:00008B70 000004F9 C=DATA    S=_DATA    G=DGROUP   M=C:\BCC55\LIB\CW32.LIB|char ACBP=A9
 0002:00009068 000000FD C=DATA    S=_DATA    G=DGROUP   M=C:\BCC55\LIB\CW32.LIB|charby ACBP=A9
 0002:00009164 000001E1 C=DATA    S=_DATA    G=DGROUP   M=C:\BCC55\LIB\CW32.LIB|rwcats ACBP=A9
 0002:00009344 00000589 C=DATA    S=_DATA    G=DGROUP   M=C:\BCC55\LIB\CW32.LIB|rwlocale ACBP=A9
 0002:000098CC 000000C5 C=DATA    S=_DATA    G=DGROUP   M=C:\BCC55\LIB\CW32.LIB|vendor ACBP=A9
 0002:00009990 00000171 C=DATA    S=_DATA    G=DGROUP   M=C:\BCC55\LIB\CW32.LIB|stdexcpt ACBP=A9
 0002:00009B00 0000019D C=DATA    S=_DATA    G=DGROUP   M=C:\BCC55\LIB\CW32.LIB|string ACBP=A9
 0002:00009C9C 00000004 C=DATA    S=_DATA    G=DGROUP   M=C:\BCC55\LIB\CW32.LIB|xx_xpf ACBP=A9
 0002:00009CA0 00000330 C=DATA    S=_DATA    G=DGROUP   M=C:\BCC55\LIB\CW32.LIB|xxtype ACBP=A9
 0002:00009FC0 0000003C C=DATA    S=_DATA    G=DGROUP   M=C:\BCC55\LIB\CW32.LIB|xxut ACBP=A9
 0002:00009FFC 000000E4 C=DATA    S=_DATA    G=DGROUP   M=C:\BCC55\LIB\CW32.LIB|xxv ACBP=A9
 0002:0000A0E0 00000014 C=DATA    S=_DATA    G=DGROUP   M=C:\BCC55\LIB\CW32.LIB|except ACBP=A9
 0002:0000A0F4 00000004 C=DATA    S=_DATA    G=DGROUP   M=C:\BCC55\LIB\CW32.LIB|_cfinfo ACBP=A9
 0002:0000A0F8 00000004 C=DATA    S=_DATA    G=DGROUP   M=C:\BCC55\LIB\CW32.LIB|_umask ACBP=A9
 0002:0000A0FC 00000004 C=DATA    S=_DATA    G=DGROUP   M=C:\BCC55\LIB\CW32.LIB|cfinfo ACBP=A9
 0002:0000A100 000004B0 C=DATA    S=_DATA    G=DGROUP   M=C:\BCC55\LIB\CW32.LIB|files ACBP=A9
 0002:0000A5B0 000000CC C=DATA    S=_DATA    G=DGROUP   M=C:\BCC55\LIB\CW32.LIB|files2 ACBP=A9
 0002:0000A67C 00000004 C=DATA    S=_DATA    G=DGROUP   M=C:\BCC55\LIB\CW32.LIB|fmode ACBP=A9
 0002:0000A680 00000004 C=DATA    S=_DATA    G=DGROUP   M=C:\BCC55\LIB\CW32.LIB|fmodeptr ACBP=A9
 0002:0000A684 0000012B C=DATA    S=_DATA    G=DGROUP   M=C:\BCC55\LIB\CW32.LIB|ioerror ACBP=A9
 0002:0000A7B0 0000047C C=DATA    S=_DATA    G=DGROUP   M=C:\BCC55\LIB\CW32.LIB|perror ACBP=A9
 0002:0000AC2C 00000082 C=DATA    S=_DATA    G=DGROUP   M=C:\BCC55\LIB\CW32.LIB|scanner ACBP=A9
 0002:0000ACB0 00000076 C=DATA    S=_DATA    G=DGROUP   M=C:\BCC55\LIB\CW32.LIB|vprinter ACBP=A9
 0002:0000AD28 00000202 C=DATA    S=_DATA    G=DGROUP   M=C:\BCC55\LIB\CW32.LIB|bigctype ACBP=A9
 0002:0000AF2C 0000003C C=DATA    S=_DATA    G=DGROUP   M=C:\BCC55\LIB\CW32.LIB|cconv ACBP=A9
 0002:0000AF68 00000050 C=DATA    S=_DATA    G=DGROUP   M=C:\BCC55\LIB\CW32.LIB|convt ACBP=A9
 0002:0000AFB8 00000100 C=DATA    S=_DATA    G=DGROUP   M=C:\BCC55\LIB\CW32.LIB|clower ACBP=A9
 0002:0000B0B8 00000100 C=DATA    S=_DATA    G=DGROUP   M=C:\BCC55\LIB\CW32.LIB|cupper ACBP=A9
 0002:0000B1B8 00000118 C=DATA    S=_DATA    G=DGROUP   M=C:\BCC55\LIB\CW32.LIB|locale ACBP=A9
 0002:0000B2D0 00000260 C=DATA    S=_DATA    G=DGROUP   M=C:\BCC55\LIB\CW32.LIB|clocale ACBP=A9
 0002:0000B530 00000068 C=DATA    S=_DATA    G=DGROUP   M=C:\BCC55\LIB\CW32.LIB|initcat ACBP=A9
 0002:0000B598 000000C0 C=DATA    S=_DATA    G=DGROUP   M=C:\BCC55\LIB\CW32.LIB|_pow10 ACBP=A9
 0002:0000B658 00000068 C=DATA    S=_DATA    G=DGROUP   M=C:\BCC55\LIB\CW32.LIB|cvtfak ACBP=A9
 0002:0000B6C0 00000068 C=DATA    S=_DATA    G=DGROUP   M=C:\BCC55\LIB\CW32.LIB|cvtfakw ACBP=A9
 0002:0000B728 00000004 C=DATA    S=_DATA    G=DGROUP   M=C:\BCC55\LIB\CW32.LIB|deflt87 ACBP=A9
 0002:0000B72C 0000007C C=DATA    S=_DATA    G=DGROUP   M=C:\BCC55\LIB\CW32.LIB|hugeval ACBP=A9
 0002:0000B7A8 00000008 C=DATA    S=_DATA    G=DGROUP   M=C:\BCC55\LIB\CW32.LIB|initcvt ACBP=A9
 0002:0000B7B0 00000008 C=DATA    S=_DATA    G=DGROUP   M=C:\BCC55\LIB\CW32.LIB|mathptr ACBP=A9
 0002:0000B7B8 00000014 C=DATA    S=_DATA    G=DGROUP   M=C:\BCC55\LIB\CW32.LIB|realcvt ACBP=A9
 0002:0000B7CC 00000028 C=DATA    S=_DATA    G=DGROUP   M=C:\BCC55\LIB\CW32.LIB|realcvtw ACBP=A9
 0002:0000B7F4 00000028 C=DATA    S=_DATA    G=DGROUP   M=C:\BCC55\LIB\CW32.LIB|scantod ACBP=A9
 0002:0000B81C 00000028 C=DATA    S=_DATA    G=DGROUP   M=C:\BCC55\LIB\CW32.LIB|scanwtod ACBP=A9
 0002:0000B844 00000048 C=DATA    S=_DATA    G=DGROUP   M=C:\BCC55\LIB\CW32.LIB|mbctype ACBP=A9
 0002:0000B88C 00000024 C=DATA    S=_DATA    G=DGROUP   M=C:\BCC55\LIB\CW32.LIB|assert ACBP=A9
 0002:0000B8B0 00000024 C=DATA    S=_DATA    G=DGROUP   M=C:\BCC55\LIB\CW32.LIB|ermsghlp ACBP=A9
 0002:0000B8D4 00000004 C=DATA    S=_DATA    G=DGROUP   M=C:\BCC55\LIB\CW32.LIB|errno ACBP=A9
 0002:0000B8D8 00000010 C=DATA    S=_DATA    G=DGROUP   M=C:\BCC55\LIB\CW32.LIB|errormsg ACBP=A9
 0002:0000B8E8 00000028 C=DATA    S=_DATA    G=DGROUP   M=C:\BCC55\LIB\CW32.LIB|platform ACBP=A9
 0002:0000B910 00000020 C=DATA    S=_DATA    G=DGROUP   M=C:\BCC55\LIB\CW32.LIB|pureerr ACBP=A9
 0002:0000B930 00000020 C=DATA    S=_DATA    G=DGROUP   M=C:\BCC55\LIB\CW32.LIB|abort ACBP=A9
 0002:0000B950 00000004 C=DATA    S=_DATA    G=DGROUP   M=C:\BCC55\LIB\CW32.LIB|patexit ACBP=A9
 0002:0000B954 0000000C C=DATA    S=_DATA    G=DGROUP   M=C:\BCC55\LIB\CW32.LIB|exit ACBP=A9
 0002:0000B960 00000008 C=DATA    S=_DATA    G=DGROUP   M=C:\BCC55\LIB\CW32.LIB|saptr ACBP=A9
 0002:0000B968 00000008 C=DATA    S=_DATA    G=DGROUP   M=C:\BCC55\LIB\CW32.LIB|wsaptr ACBP=A9
 0002:0000B970 00000054 C=DATA    S=_DATA    G=DGROUP   M=C:\BCC55\LIB\CW32.LIB|setargv ACBP=A9
 0002:0000B9C4 00000028 C=DATA    S=_DATA    G=DGROUP   M=C:\BCC55\LIB\CW32.LIB|hsargv ACBP=A9
 0002:0000B9EC 00000024 C=DATA    S=_DATA    G=DGROUP   M=C:\BCC55\LIB\CW32.LIB|whsargv ACBP=A9
 0002:0000BA10 00000004 C=DATA    S=_DATA    G=DGROUP   M=C:\BCC55\LIB\CW32.LIB|wildptr ACBP=A9
 0002:0000BA14 00000004 C=DATA    S=_DATA    G=DGROUP   M=C:\BCC55\LIB\CW32.LIB|wwildptr ACBP=A9
 0002:0000BA18 00000020 C=DATA    S=_DATA    G=DGROUP   M=C:\BCC55\LIB\CW32.LIB|setargv0 ACBP=A9
 0002:0000BA38 00000054 C=DATA    S=_DATA    G=DGROUP   M=C:\BCC55\LIB\CW32.LIB|setenvp ACBP=A9
 0002:0000BA8C 0000005E C=DATA    S=_DATA    G=DGROUP   M=C:\BCC55\LIB\CW32.LIB|signal ACBP=A9
 0002:0000BAEC 00000004 C=DATA    S=_DATA    G=DGROUP   M=C:\BCC55\LIB\CW32.LIB|globals ACBP=A9
 0002:0000BAF0 00000004 C=DATA    S=_DATA    G=DGROUP   M=C:\BCC55\LIB\CW32.LIB|initexit ACBP=A9
 0002:0000BAF4 0000088C C=DATA    S=_DATA    G=DGROUP   M=C:\BCC55\LIB\CW32.LIB|xx ACBP=A9
 0003:00000000 00000040 C=BSS     S=_BSS     G=DGROUP   M=C:\ORANGEC\SRC\DLMZ\DLMZMAIN.OBJ ACBP=A9
 0003:00000040 00000058 C=BSS     S=_BSS     G=DGROUP   M=C:\ORANGEC\SRC\OBJECT\OBJ.LIB|ObjType ACBP=A9
 0003:00000098 0000010C C=BSS     S=_BSS     G=DGROUP   M=C:\ORANGEC\SRC\OBJECT\UTIL.LIB|Utils ACBP=A9
 0003:000001A4 00000008 C=BSS     S=_BSS     G=DGROUP   M=C:\BCC55\LIB\CW32.LIB|setnew ACBP=A9
 0003:000001AC 00000018 C=BSS     S=_BSS     G=DGROUP   M=C:\BCC55\LIB\CW32.LIB|hrdir_b ACBP=A9
 0003:000001C4 00000010 C=BSS     S=_BSS     G=DGROUP   M=C:\BCC55\LIB\CW32.LIB|predecl ACBP=A9
 0003:000001C4 000001DC C=BSS     S=_BSS     G=DGROUP   M=C:\BCC55\LIB\CW32.LIB|iostream ACBP=A9
 0003:000003A0 00000004 C=BSS     S=_BSS     G=DGROUP   M=C:\BCC55\LIB\CW32.LIB|limits ACBP=A9
 0003:000003A0 00000004 C=BSS     S=_BSS     G=DGROUP   M=C:\BCC55\LIB\CW32.LIB|char ACBP=A9
 0003:000003A0 00000008 C=BSS     S=_BSS     G=DGROUP   M=C:\BCC55\LIB\CW32.LIB|rwcats ACBP=A9
 0003:000003A8 00000014 C=BSS     S=_BSS     G=DGROUP   M=C:\BCC55\LIB\CW32.LIB|rwlocale ACBP=A9
 0003:000003BC 00000410 C=BSS     S=_BSS     G=DGROUP   M=C:\BCC55\LIB\CW32.LIB|xxtype ACBP=A9
 0003:000007CC 00000008 C=BSS     S=_BSS     G=DGROUP   M=C:\BCC55\LIB\CW32.LIB|xxv ACBP=A9
 0003:000007D4 00000008 C=BSS     S=_BSS     G=DGROUP   M=C:\BCC55\LIB\CW32.LIB|except ACBP=A9
 0003:000007DC 00000190 C=BSS     S=_BSS     G=DGROUP   M=C:\BCC55\LIB\CW32.LIB|files2 ACBP=A9
 0003:0000096C 00000004 C=BSS     S=_BSS     G=DGROUP   M=C:\BCC55\LIB\CW32.LIB|ioerror ACBP=A9
 0003:00000970 00000108 C=BSS     S=_BSS     G=DGROUP   M=C:\BCC55\LIB\CW32.LIB|mbctype ACBP=A9
 0003:00000A78 00000100 C=BSS     S=_BSS     G=DGROUP   M=C:\BCC55\LIB\CW32.LIB|assert ACBP=A9
 0003:00000B78 00000019 C=BSS     S=_BSS     G=DGROUP   M=C:\BCC55\LIB\CW32.LIB|ermsghlp ACBP=A9
 0003:00000B94 00000004 C=BSS     S=_BSS     G=DGROUP   M=C:\BCC55\LIB\CW32.LIB|platform ACBP=A9
 0003:00000B98 0000000C C=BSS     S=_BSS     G=DGROUP   M=C:\BCC55\LIB\CW32.LIB|setargv ACBP=A9
 0003:00000BA4 00000004 C=BSS     S=_BSS     G=DGROUP   M=C:\BCC55\LIB\CW32.LIB|hsargv ACBP=A9
 0003:00000BA8 00000004 C=BSS     S=_BSS     G=DGROUP   M=C:\BCC55\LIB\CW32.LIB|whsargv ACBP=A9
 0003:00000BAC 00000010 C=BSS     S=_BSS     G=DGROUP   M=C:\BCC55\LIB\CW32.LIB|setenvp ACBP=A9
 0003:00000BBC 00000040 C=BSS     S=_BSS     G=DGROUP   M=C:\BCC55\LIB\CW32.LIB|globals ACBP=A9
 0003:00000BFC 00000010 C=BSS     S=_BSS     G=DGROUP   M=C:\BCC55\LIB\CW32.LIB|xx ACBP=A9
 0004:00000000 0000009C C=TLS     S=_TLS     G=DGROUP   M=C:\BCC55\LIB\CW32.LIB|xxv ACBP=A9

  Address         Publics by Name

 0002:00001180      CmdSwitchBase:: (huge)
 0001:00001E9C      CmdSwitchBase::CmdSwitchBase()
 0001:00022144      CmdSwitchBase::CmdSwitchBase(CmdSwitchParser&, char)
 0001:000228B4      CmdSwitchBase::CmdSwitchBase(char)
 0001:00022A84      CmdSwitchBase::GetSwitchChar()
 0001:0000A684      CmdSwitchBase::Parse(const char *)
 0002:0000120C      CmdSwitchFile:: (huge)
 0001:000019E8      CmdSwitchFile::CmdSwitchFile(CmdSwitchParser&)
 0001:00022490      CmdSwitchFile::Dispatch(char *)
 0001:00022534      CmdSwitchFile::GetStr(char *)
 0001:00022254      CmdSwitchFile::Parse(const char *)
 0001:0000A36C      CmdSwitchFile::~CmdSwitchFile()
 0001:00000234      CmdSwitchParser::CmdSwitchParser()
 0001:00022708      CmdSwitchParser::Parse(int *, char * *)
 0001:00022184      CmdSwitchParser::operator +=(CmdSwitchBase *)
 0001:000229F4      CmdSwitchParser::plt::operator ()(CmdSwitchBase *, CmdSwitchBase *)
 0001:00000278      CmdSwitchParser::~CmdSwitchParser()
 0002:0000132C      CmdSwitchString:: (huge)
 0001:00001D7C      CmdSwitchString::CmdSwitchString()
 0001:000002CC      CmdSwitchString::CmdSwitchString(CmdSwitchParser&, char, char)
 0001:000004F4      CmdSwitchString::GetValue() const
 0001:000221A8      CmdSwitchString::Parse(const char *)
 0001:0000A1B0      CmdSwitchString::~CmdSwitchString()
 0001:00011C38      Ieeeltcompare::operator ()(int, int) const
 0001:0001AB78      ObjBrowseInfo * * std::copy_backward<ObjBrowseInfo * *, ObjBrowseInfo * *>(ObjBrowseInfo * *, ObjBrowseInfo * *, ObjBrowseInfo * *)
 0001:0001AC58      ObjBrowseInfo * * std::uninitialized_copy<ObjBrowseInfo * *, ObjBrowseInfo * *>(ObjBrowseInfo * *, ObjBrowseInfo * *, ObjBrowseInfo * *)
 0002:00001F04      ObjBrowseInfo:: (huge)
 0001:0001F904      ObjBrowseInfo::GetData()
 0001:0001F8F8      ObjBrowseInfo::GetLineNo()
 0001:0001F8EC      ObjBrowseInfo::GetQual()
 0001:0001F8E0      ObjBrowseInfo::GetType()
 0001:0000BABC      ObjBrowseInfo::ObjBrowseInfo(ObjBrowseInfo::eType, ObjBrowseInfo::eQual, ObjLineNo *, std::basic_string<char, std::char_traits<char>, std::allocator<char> >&)
 0001:0000D48C      ObjBrowseInfo::~ObjBrowseInfo()
 0001:000149CC      ObjDebugTag * * std::copy<ObjDebugTag * *, ObjDebugTag * *>(ObjDebugTag * *, ObjDebugTag * *, ObjDebugTag * *)
 0001:00018050      ObjDebugTag * * std::copy_backward<ObjDebugTag * *, ObjDebugTag * *>(ObjDebugTag * *, ObjDebugTag * *, ObjDebugTag * *)
 0001:00018124      ObjDebugTag * * std::uninitialized_copy<ObjDebugTag * *, ObjDebugTag * *>(ObjDebugTag * *, ObjDebugTag * *, ObjDebugTag * *)
 0002:00001F00      ObjDebugTag:: (huge)
 0001:0001F188      ObjDebugTag::GetLineNo()
 0001:0001F170      ObjDebugTag::GetSymbol()
 0001:0001F164      ObjDebugTag::GetType()
 0001:0000BB48      ObjDebugTag::ObjDebugTag(ObjLineNo *)
 0001:0000BBB4      ObjDebugTag::ObjDebugTag(ObjSymbol *)
 0001:0000BC04      ObjDebugTag::ObjDebugTag(ObjSymbol *, bool)
 0001:0000BC64      ObjDebugTag::ObjDebugTag(bool)
 0001:0000D430      ObjDebugTag::~ObjDebugTag()
 0002:00001ECC      ObjDefinitionSymbol:: (huge)
 0001:0001E664      ObjDefinitionSymbol::GetValue()
 0001:0000CE5C      ObjDefinitionSymbol::NextIndex(ObjSymbol&)
 0001:0000C7A8      ObjDefinitionSymbol::ObjDefinitionSymbol(std::basic_string<char, std::char_traits<char>, std::allocator<char> >&)
 0001:00017360      ObjDefinitionSymbol::SetValue(int)
 0001:0000CE00      ObjDefinitionSymbol::~ObjDefinitionSymbol()
 0002:00001ED4      ObjExportSymbol:: (huge)
 0001:0001E710      ObjExportSymbol::GetByOrdinal()
 0001:0001E76C      ObjExportSymbol::GetDllName()
 0001:0001E728      ObjExportSymbol::GetExternalName()
 0001:0001E71C      ObjExportSymbol::GetOrdinal()
 0001:0000CEE8      ObjExportSymbol::NextIndex(ObjSymbol&)
 0001:0000C6F0      ObjExportSymbol::ObjExportSymbol(std::basic_string<char, std::char_traits<char>, std::allocator<char> >&)
 0001:00017370      ObjExportSymbol::SetByOrdinal(bool)
 0001:000173A8      ObjExportSymbol::SetDllName(std::basic_string<char, std::char_traits<char>, std::allocator<char> >&)
 0001:00017390      ObjExportSymbol::SetExternalName(std::basic_string<char, std::char_traits<char>, std::allocator<char> >&)
 0001:00017380      ObjExportSymbol::SetOrdinal(int)
 0001:0000CE64      ObjExportSymbol::~ObjExportSymbol()
 0001:000134C0      ObjExpression * * * std::copy<ObjExpression * * *, ObjExpression * * *>(ObjExpression * * *, ObjExpression * * *, ObjExpression * * *)
 0002:00001EFC      ObjExpression:: (huge)
 0001:000104B4      ObjExpression::Eval(int)
 0001:0000FB7C      ObjExpression::GetLeft()
 0001:0001FC40      ObjExpression::GetOp()
 0001:0000FB40      ObjExpression::GetOperator()
 0001:00018D64      ObjExpression::GetRight()
 0001:000101B0      ObjExpression::GetSection()
 0001:0001FC4C      ObjExpression::GetSymbol()
 0001:00018D70      ObjExpression::GetValue()
 0001:0000BDA0      ObjExpression::ObjExpression(ObjExpression *)
 0001:0000BCC4      ObjExpression::ObjExpression(ObjExpression::eOperator)
 0001:0000BEB8      ObjExpression::ObjExpression(ObjExpression::eOperator, ObjExpression *)
 0001:0000BF10      ObjExpression::ObjExpression(ObjExpression::eOperator, ObjExpression *, ObjExpression *)
 0001:0000BE58      ObjExpression::ObjExpression(ObjSection *)
 0001:0000BDF8      ObjExpression::ObjExpression(ObjSymbol *)
 0001:0000BD40      ObjExpression::ObjExpression(int)
 0001:0000D3D4      ObjExpression::~ObjExpression()
 0002:00001234      ObjFactory:: (huge)
 0001:000106BC      ObjFactory::Deallocate()
 0001:0001493C      ObjFactory::GetIndexManager()
 0001:0000B2E8      ObjFactory::MakeAutoSymbol(std::basic_string<char, std::char_traits<char>, std::allocator<char> >&, int)
 0001:0000A8DC      ObjFactory::MakeBrowseInfo(ObjBrowseInfo::eType, ObjBrowseInfo::eQual, ObjLineNo *, std::basic_string<char, std::char_traits<char>, std::allocator<char> >&)
 0001:0000AF88      ObjFactory::MakeData(int, unsigned char)
 0001:0000AF20      ObjFactory::MakeData(unsigned char *, int)
 0001:0000A94C      ObjFactory::MakeDebugTag(ObjLineNo *)
 0001:0000A9B4      ObjFactory::MakeDebugTag(ObjSymbol *)
 0001:0000AA1C      ObjFactory::MakeDebugTag(ObjSymbol *, bool)
 0001:0000AA88      ObjFactory::MakeDebugTag(bool)
 0001:0000B52C      ObjFactory::MakeDefinitionSymbol(std::basic_string<char, std::char_traits<char>, std::allocator<char> >&)
 0001:0000B4C4      ObjFactory::MakeExportSymbol(std::basic_string<char, std::char_traits<char>, std::allocator<char> >&)
 0001:0000ABC0      ObjFactory::MakeExpression(ObjExpression *)
 0001:0000AAF0      ObjFactory::MakeExpression(ObjExpression::eOperator)
 0001:0000ACF8      ObjFactory::MakeExpression(ObjExpression::eOperator, ObjExpression *)
 0001:0000AD60      ObjFactory::MakeExpression(ObjExpression::eOperator, ObjExpression *, ObjExpression *)
 0001:0000AC90      ObjFactory::MakeExpression(ObjSection *)
 0001:0000AC28      ObjFactory::MakeExpression(ObjSymbol *)
 0001:0000AB58      ObjFactory::MakeExpression(int)
 0001:0000B1E0      ObjFactory::MakeExternalSymbol(std::basic_string<char, std::char_traits<char>, std::allocator<char> >&, int)
 0001:0000B7CC      ObjFactory::MakeField(std::basic_string<char, std::char_traits<char>, std::allocator<char> >&, ObjType *, int)
 0001:0000ADCC      ObjFactory::MakeFile(std::basic_string<char, std::char_traits<char>, std::allocator<char> >&)
 0001:0000AFF4      ObjFactory::MakeFixup(ObjExpression *, int)
 0001:0000AE34      ObjFactory::MakeFunction(std::basic_string<char, std::char_traits<char>, std::allocator<char> >&, ObjType *, int)
 0001:0000B45C      ObjFactory::MakeImportSymbol(std::basic_string<char, std::char_traits<char>, std::allocator<char> >&)
 0001:0000B3E8      ObjFactory::MakeLabelSymbol(std::basic_string<char, std::char_traits<char>, std::allocator<char> >&)
 0001:0000AEB8      ObjFactory::MakeLineNo(ObjSourceFile *, int)
 0001:0000B260      ObjFactory::MakeLocalSymbol(std::basic_string<char, std::char_traits<char>, std::allocator<char> >&, int)
 0001:0000B158      ObjFactory::MakePublicSymbol(std::basic_string<char, std::char_traits<char>, std::allocator<char> >&, int)
 0001:0000B368      ObjFactory::MakeRegSymbol(std::basic_string<char, std::char_traits<char>, std::allocator<char> >&, int)
 0001:0000B05C      ObjFactory::MakeSection(std::basic_string<char, std::char_traits<char>, std::allocator<char> >&, int)
 0001:0000B0DC      ObjFactory::MakeSourceFile(std::basic_string<char, std::char_traits<char>, std::allocator<char> >&, int)
 0001:0000B64C      ObjFactory::MakeType(ObjType::eType, ObjType *, int)
 0001:0000B594      ObjFactory::MakeType(ObjType::eType, int)
 0001:0000B708      ObjFactory::MakeType(std::basic_string<char, std::char_traits<char>, std::allocator<char> >&, ObjType::eType, ObjType *, int)
 0001:00010730      ObjFactory::MemoryBegin()
 0001:00010744      ObjFactory::MemoryEnd()
 0001:00000C6C      ObjFactory::ObjFactory(ObjIndexManager *)
 0001:00010820      ObjFactory::Tag(ObjWrapper *)
 0001:00000CC4      ObjFactory::~ObjFactory()
 0001:0001CA10      ObjField * * * std::copy<ObjField * * *, ObjField * * *>(ObjField * * *, ObjField * * *, ObjField * * *)
 0001:0001A6F4      ObjField * * std::copy_backward<ObjField * *, ObjField * *>(ObjField * *, ObjField * *, ObjField * *)
 0001:0001A7C8      ObjField * * std::uninitialized_copy<ObjField * *, ObjField * *>(ObjField * *, ObjField * *, ObjField * *)
 0002:00001EC4      ObjField:: (huge)
 0001:0001C2EC      ObjField::GetBase()
 0001:0001C304      ObjField::GetConstVal()
 0001:0001C2F8      ObjField::GetName()
 0001:0000CA5C      ObjField::ObjField(std::basic_string<char, std::char_traits<char>, std::allocator<char> >&, ObjType *, int)
 0001:0000CD28      ObjField::~ObjField()
 0002:00001EF8      ObjFile:: (huge)
 0001:0001742C      ObjFile::Add(ObjBrowseInfo *)
 0001:000148FC      ObjFile::Add(ObjSection *)
 0001:0001491C      ObjFile::Add(ObjSourceFile *)
 0001:00010CB8      ObjFile::Add(ObjSymbol *)
 0001:000148DC      ObjFile::Add(ObjType *)
 0001:000206AC      ObjFile::AutoBegin()
 0001:000206C0      ObjFile::AutoEnd()
 0001:000208E0      ObjFile::BrowseInfoBegin()
 0001:000208F4      ObjFile::BrowseInfoEnd()
 0001:000206FC      ObjFile::DefinitionBegin()
 0001:00020710      ObjFile::DefinitionEnd()
 0001:0002074C      ObjFile::ExportBegin()
 0001:00020760      ObjFile::ExportEnd()
 0001:0002065C      ObjFile::ExternalBegin()
 0001:00020670      ObjFile::ExternalEnd()
 0001:0000F684      ObjFile::GetBigEndian()
 0001:000203C8      ObjFile::GetFileTime()
 0001:000203E4      ObjFile::GetInputFile()
 0001:00020360      ObjFile::GetName()
 0001:00020724      ObjFile::ImportBegin()
 0001:00020738      ObjFile::ImportEnd()
 0001:00020684      ObjFile::LocalBegin()
 0001:00020698      ObjFile::LocalEnd()
 0001:0000BF68      ObjFile::ObjFile(std::basic_string<char, std::char_traits<char>, std::allocator<char> >&)
 0001:00020634      ObjFile::PublicBegin()
 0001:00020648      ObjFile::PublicEnd()
 0001:000206D4      ObjFile::RegBegin()
 0001:000206E8      ObjFile::RegEnd()
 0001:0000F5A8      ObjFile::SectionBegin()
 0001:0000F5BC      ObjFile::SectionEnd()
 0001:00019014      ObjFile::SetBigEndian(bool)
 0001:000190A4      ObjFile::SetFileTime(std::tm&)
 0001:00020424      ObjFile::SourceFileBegin()
 0001:00020438      ObjFile::SourceFileEnd()
 0001:000204C0      ObjFile::TypeBegin()
 0001:000204D4      ObjFile::TypeEnd()
 0001:0000D240      ObjFile::~ObjFile()
 0002:00001EF4      ObjFunction:: (huge)
 0001:00015E7C      ObjFunction::Add(ObjSymbol *)
 0001:0001D0A4      ObjFunction::GetLinkage()
 0001:0001D094      ObjFunction::GetReturnType()
 0001:0000C170      ObjFunction::ObjFunction(std::basic_string<char, std::char_traits<char>, std::allocator<char> >&, ObjType *, int)
 0001:0001D0B0      ObjFunction::ParameterBegin()
 0001:0001D0C4      ObjFunction::ParameterEnd()
 0001:00015E6C      ObjFunction::SetLinkage(ObjFunction::eLinkage)
 0001:0000D1D0      ObjFunction::~ObjFunction()
 0002:00001194      ObjIOBase:: (huge)
 0001:00001040      ObjIOBase::GetAbsolute() const
 0001:000203A4      ObjIOBase::GetBitsPerMAU()
 0001:000118CC      ObjIOBase::GetCaseSensitiveFlag() const
 0001:0001E7B0      ObjIOBase::GetDebugInfoFlag() const
 0001:000203B0      ObjIOBase::GetMAUS()
 0001:0000104C      ObjIOBase::GetStartAddress()
 0001:00001BF4      ObjIOBase::ObjIOBase(const std::basic_string<char, std::char_traits<char>, std::allocator<char> >&, bool)
 0001:00019034      ObjIOBase::SetBitsPerMAU(int)
 0001:00019024      ObjIOBase::SetMAUS(int)
 0001:00014E5C      ObjIOBase::SetStartAddress(ObjFile *, ObjExpression *)
 0001:00018ED0      ObjIOBase::SetTranslatorName(std::basic_string<char, std::char_traits<char>, std::allocator<char> >&)
 0001:00001CA8      ObjIOBase::~ObjIOBase()
 0002:00001228      ObjIeee:: (huge)
 0001:000183A0      ObjIeee::AutoSymbol(const char *, ObjIOBase::eParseType)
 0002:00003B28      ObjIeee::BadCS:: (huge)
 0001:000191D8      ObjIeee::BadCS::BadCS()
 0001:0001930C      ObjIeee::BadCS::BadCS(const ObjIeee::BadCS&)
 0001:00019258      ObjIeee::BadCS::~BadCS()
 0001:000190C0      ObjIeee::CheckSum(const char *, ObjIOBase::eParseType)
 0001:000118A4      ObjIeee::CheckTerm(const char *)
 0001:000164D4      ObjIeee::Comment(const char *, ObjIOBase::eParseType)
 0001:000189C4      ObjIeee::Data(const char *, ObjIOBase::eParseType)
 0001:00015970      ObjIeee::DefineArray(int, const char *, int *)
 0001:00015B9C      ObjIeee::DefineFunction(int, const char *, int *)
 0001:00014EA0      ObjIeee::DefinePointer(int, const char *, int *)
 0001:00015E9C      ObjIeee::DefineStruct(ObjType::eType, int, const char *, int *)
 0001:0001612C      ObjIeee::DefineType(int, const char *, int *)
 0001:00015894      ObjIeee::DefineTypeDef(int, const char *, int *)
 0001:00018B14      ObjIeee::EnumeratedData(const char *, ObjIOBase::eParseType)
 0001:00018568      ObjIeee::ExternalSymbol(const char *, ObjIOBase::eParseType)
 0001:000118D8      ObjIeee::FindSymbol(char, int)
 0001:00018C30      ObjIeee::Fixup(const char *, ObjIOBase::eParseType)
 0001:0001FD8C      ObjIeee::GatherCS(const char *)
 0001:00014228      ObjIeee::GetByte()
 0001:00012294      ObjIeee::GetExpression(const char *, int *)
 0001:0001C2C0      ObjIeee::GetFactory()
 0001:000203BC      ObjIeee::GetFile()
 0001:00014D10      ObjIeee::GetOffset(const char *, ObjIOBase::eParseType)
 0001:0001B4B8      ObjIeee::GetSymbolName(ObjSymbol *)
 0001:00011694      ObjIeee::GetSymbolName(const char *, int *)
 0001:0001BC34      ObjIeee::GetTypeIndex(ObjType *)
 0001:00014304      ObjIeee::HandleRead(ObjIOBase::eParseType)
 0001:0001FDB0      ObjIeee::HandleWrite()
 0001:000182DC      ObjIeee::LocalSymbol(const char *, ObjIOBase::eParseType)
 0001:00018F1C      ObjIeee::ModuleAttributes(const char *, ObjIOBase::eParseType)
 0001:00019044      ObjIeee::ModuleDate(const char *, ObjIOBase::eParseType)
 0001:00018EE8      ObjIeee::ModuleEnd(const char *, ObjIOBase::eParseType)
 0001:00018D7C      ObjIeee::ModuleStart(const char *, ObjIOBase::eParseType)
 0001:00000D30      ObjIeee::ObjIeee(const std::basic_string<char, std::char_traits<char>, std::allocator<char> >&, bool)
 0001:00014194      ObjIeee::Parse(const char *, ObjIOBase::eParseType)
 0001:00014208      ObjIeee::ParseData::Dispatch(ObjIeee *, const char *, ObjIOBase::eParseType)
 0001:000141D4      ObjIeee::ParseData::Match(const char *)
 0001:0001159C      ObjIeee::ParseString(const char *, int *)
 0001:00011620      ObjIeee::ParseTime(const char *, std::tm&, int *)
 0001:00018218      ObjIeee::PublicSymbol(const char *, ObjIOBase::eParseType)
 0001:00001018      ObjIeee::Read(std::basic_fstream<char, std::char_traits<char> >&, ObjIOBase::eParseType, ObjFactory *)
 0001:000184A4      ObjIeee::RegSymbol(const char *, ObjIOBase::eParseType)
 0001:0001F5EC      ObjIeee::RenderBrowseInfo(ObjBrowseInfo *)
 0001:00020978      ObjIeee::RenderCS()
 0001:0001FC58      ObjIeee::RenderComment(ObjIeee::eCommentType, std::basic_string<char, std::char_traits<char>, std::allocator<char> >&)
 0001:0001D0D8      ObjIeee::RenderCstr(const char *)
 0001:0001EE60      ObjIeee::RenderDebugTag(ObjDebugTag *)
 0001:0001F910      ObjIeee::RenderExpression(ObjExpression *)
 0001:0001B9AC      ObjIeee::RenderFile(ObjSourceFile *)
 0001:0001CDC4      ObjIeee::RenderFunction(ObjFunction *)
 0001:0001F1B8      ObjIeee::RenderMemory(ObjMemoryManager *)
 0001:0001E7C8      ObjIeee::RenderSection(ObjSection *)
 0001:0001C2CC      ObjIeee::RenderString(const std::basic_string<char, std::char_traits<char>, std::allocator<char> >&)
 0001:0001BCC0      ObjIeee::RenderStructure(ObjType *)
 0001:0001D914      ObjIeee::RenderSymbol(ObjSymbol *)
 0001:0001D104      ObjIeee::RenderType(ObjType *)
 0001:0001487C      ObjIeee::ResetCS()
 0001:00018880      ObjIeee::SectionAlignment(const char *, ObjIOBase::eParseType)
 0001:0001862C      ObjIeee::SectionAttributes(const char *, ObjIOBase::eParseType)
 0001:00018944      ObjIeee::SectionDataHeader(const char *, ObjIOBase::eParseType)
 0002:00003B10      ObjIeee::SyntaxError:: (huge)
 0001:000193A8      ObjIeee::SyntaxError::SyntaxError()
 0001:000194E4      ObjIeee::SyntaxError::SyntaxError(const ObjIeee::SyntaxError&)
 0001:00019428      ObjIeee::SyntaxError::~SyntaxError()
 0001:000117E4      ObjIeee::ThrowSyntax(const char *, ObjIOBase::eParseType)
 0001:0001B6BC      ObjIeee::ToString(const std::basic_string<char, std::char_traits<char>, std::allocator<char> >&)
 0001:0001B734      ObjIeee::ToTime(std::tm)
 0001:00016220      ObjIeee::TypeName(const char *, ObjIOBase::eParseType)
 0001:0001633C      ObjIeee::TypeSpec(const char *, ObjIOBase::eParseType)
 0001:0000A8B8      ObjIeee::Write(std::basic_fstream<char, std::char_traits<char> >&, ObjFile *, ObjFactory *)
 0001:000208AC      ObjIeee::WriteBrowseInfo()
 0001:000203F0      ObjIeee::WriteFiles()
 0001:0001FF54      ObjIeee::WriteHeader()
 0001:0002044C      ObjIeee::WriteSectionHeaders()
 0001:000207B4      ObjIeee::WriteSections()
 0001:00020774      ObjIeee::WriteStartAddress()
 0001:000204E8      ObjIeee::WriteSymbols()
 0001:00020908      ObjIeee::WriteTrailer()
 0001:00020480      ObjIeee::WriteTypes()
 0001:0001B41C      ObjIeee::bufferup(const char *, int)
 0001:0001C310      ObjIeee::endl()
 0001:0001B488      ObjIeee::flush()
 0001:000142E4      ObjIeee::getline(char *, unsigned int)
 0002:00003CCC      ObjIeee::lineend
 0002:00002854      ObjIeee::parseData
 0001:00000EDC      ObjIeee::~ObjIeee()
 0002:000012C0      ObjIeeeIndexManager:: (huge)
 0001:00000BC8      ObjIeeeIndexManager::ObjIeeeIndexManager()
 0001:00020A18      ObjIeeeIndexManager::ResetIndexes()
 0001:00000C10      ObjIeeeIndexManager::~ObjIeeeIndexManager()
 0002:00001EDC      ObjImportSymbol:: (huge)
 0001:0001E670      ObjImportSymbol::GetByOrdinal()
 0001:0001E688      ObjImportSymbol::GetDllName()
 0001:0001E6CC      ObjImportSymbol::GetExternalName()
 0001:0001E67C      ObjImportSymbol::GetOrdinal()
 0001:0000C634      ObjImportSymbol::ObjImportSymbol(std::basic_string<char, std::char_traits<char>, std::allocator<char> >&)
 0001:000173C0      ObjImportSymbol::SetByOrdinal(bool)
 0001:000173F8      ObjImportSymbol::SetDllName(std::basic_string<char, std::char_traits<char>, std::allocator<char> >&)
 0001:000173E0      ObjImportSymbol::SetExternalName(std::basic_string<char, std::char_traits<char>, std::allocator<char> >&)
 0001:000173D0      ObjImportSymbol::SetOrdinal(int)
 0001:0000CEF0      ObjImportSymbol::~ObjImportSymbol()
 0002:000011A0      ObjIndexManager:: (huge)
 0001:0000A754      ObjIndexManager::GetAuto()
 0001:0000A7AC      ObjIndexManager::GetExternal()
 0001:0000A804      ObjIndexManager::GetFile()
 0001:0000A728      ObjIndexManager::GetLocal()
 0001:0000A6FC      ObjIndexManager::GetPublic()
 0001:0000A780      ObjIndexManager::GetReg()
 0001:0000A6D0      ObjIndexManager::GetSection()
 0001:0000A7D8      ObjIndexManager::GetType()
 0001:00020A7C      ObjIndexManager::LoadIndexes(ObjFile *)
 0001:0000A744      ObjIndexManager::NextAuto()
 0001:0000A79C      ObjIndexManager::NextExternal()
 0001:0000A7F4      ObjIndexManager::NextFile()
 0001:0000A718      ObjIndexManager::NextLocal()
 0001:0000A6EC      ObjIndexManager::NextPublic()
 0001:0000A770      ObjIndexManager::NextReg()
 0001:0000A6C0      ObjIndexManager::NextSection()
 0001:0000A7C8      ObjIndexManager::NextType()
 0001:00001B10      ObjIndexManager::ObjIndexManager()
 0001:00020A4C      ObjIndexManager::ResetIndexes()
 0001:0000A760      ObjIndexManager::SetAuto(int)
 0001:0000A7B8      ObjIndexManager::SetExternal(int)
 0001:0000A810      ObjIndexManager::SetFile(int)
 0001:0000A734      ObjIndexManager::SetLocal(int)
 0001:0000A708      ObjIndexManager::SetPublic(int)
 0001:0000A78C      ObjIndexManager::SetReg(int)
 0001:0000A6DC      ObjIndexManager::SetSection(int)
 0001:0000A7E4      ObjIndexManager::SetType(int)
 0001:00001B7C      ObjIndexManager::~ObjIndexManager()
 0002:00001EF0      ObjLineNo:: (huge)
 0001:0001F1A0      ObjLineNo::GetFile()
 0001:0001F1AC      ObjLineNo::GetLineNumber()
 0001:0000C1FC      ObjLineNo::ObjLineNo(ObjSourceFile *, int)
 0001:0000D174      ObjLineNo::~ObjLineNo()
 0001:0001AFFC      ObjMemory * * std::copy_backward<ObjMemory * *, ObjMemory * *>(ObjMemory * *, ObjMemory * *, ObjMemory * *)
 0001:0001B0D0      ObjMemory * * std::uninitialized_copy<ObjMemory * *, ObjMemory * *>(ObjMemory * *, ObjMemory * *, ObjMemory * *)
 0002:00001EEC      ObjMemory:: (huge)
 0001:00018ADC      ObjMemory::Add(ObjDebugTag *)
 0001:0001F5C4      ObjMemory::DebugTagBegin()
 0001:0001F5D8      ObjMemory::DebugTagEnd()
 0001:0000F66C      ObjMemory::GetData()
 0001:0000F69C      ObjMemory::GetFill()
 0001:0000F678      ObjMemory::GetFixup()
 0001:0000F660      ObjMemory::GetSize()
 0001:0001F5A8      ObjMemory::HasDebugTags()
 0001:0000F690      ObjMemory::IsEnumerated()
 0001:0000C38C      ObjMemory::ObjMemory(ObjExpression *, int)
 0001:0000C308      ObjMemory::ObjMemory(int, int)
 0001:0000C264      ObjMemory::ObjMemory(unsigned char *, int)
 0001:00020C24      ObjMemory::SetData(unsigned char *, int)
 0001:0000D104      ObjMemory::~ObjMemory()
 0002:00001EC0      ObjMemoryManager:: (huge)
 0001:00019550      ObjMemoryManager::Add(ObjMemory *)
 0001:0001EE54      ObjMemoryManager::GetBase()
 0001:0001EE48      ObjMemoryManager::GetSize()
 0001:0000F638      ObjMemoryManager::MemoryBegin()
 0001:0000F64C      ObjMemoryManager::MemoryEnd()
 0001:0000CC2C      ObjMemoryManager::ObjMemoryManager()
 0001:0000CCB8      ObjMemoryManager::~ObjMemoryManager()
 0001:00019DD4      ObjSection * * std::copy_backward<ObjSection * *, ObjSection * *>(ObjSection * *, ObjSection * *, ObjSection * *)
 0001:00019EA8      ObjSection * * std::uninitialized_copy<ObjSection * *, ObjSection * *>(ObjSection * *, ObjSection * *, ObjSection * *)
 0002:00001EE8      ObjSection:: (huge)
 0001:00018AFC      ObjSection::Add(ObjMemory *)
 0001:0001EE3C      ObjSection::GetAlignment()
 0001:0001EE24      ObjSection::GetIndex()
 0001:0000F62C      ObjSection::GetMemoryManager()
 0001:0000F5D0      ObjSection::GetName()
 0001:0000F614      ObjSection::GetOffset()
 0001:0001EE30      ObjSection::GetQuals()
 0001:0000F620      ObjSection::GetSize()
 0001:0000C410      ObjSection::ObjSection(std::basic_string<char, std::char_traits<char>, std::allocator<char> >&, int)
 0001:00018934      ObjSection::SetAlignment(int)
 0001:00014E80      ObjSection::SetOffset(ObjExpression *)
 0001:00018870      ObjSection::SetQuals(int)
 0001:00014E70      ObjSection::SetSize(ObjExpression *)
 0001:0000D054      ObjSection::~ObjSection()
 0001:0001A258      ObjSourceFile * * std::copy_backward<ObjSourceFile * *, ObjSourceFile * *>(ObjSourceFile * *, ObjSourceFile * *, ObjSourceFile * *)
 0001:0001A338      ObjSourceFile * * std::uninitialized_copy<ObjSourceFile * *, ObjSourceFile * *>(ObjSourceFile * *, ObjSourceFile * *, ObjSourceFile * *)
 0002:00001EE4      ObjSourceFile:: (huge)
 0001:0001BB74      ObjSourceFile::GetFileTime()
 0001:0001BB5C      ObjSourceFile::GetIndex()
 0001:0001BB68      ObjSourceFile::GetName()
 0001:0000C504      ObjSourceFile::ObjSourceFile(std::basic_string<char, std::char_traits<char>, std::allocator<char> >&, int)
 0001:00020CE0      ObjSourceFile::RetrieveFileTime(const std::basic_string<char, std::char_traits<char>, std::allocator<char> >&)
 0001:00017410      ObjSourceFile::SetFileTime(std::tm)
 0001:0000CFE4      ObjSourceFile::~ObjSourceFile()
 0001:00011078      ObjSymbol * * std::copy_backward<ObjSymbol * *, ObjSymbol * *>(ObjSymbol * *, ObjSymbol * *, ObjSymbol * *)
 0001:00011158      ObjSymbol * * std::uninitialized_copy<ObjSymbol * *, ObjSymbol * *>(ObjSymbol * *, ObjSymbol * *, ObjSymbol * *)
 0002:00001EE0      ObjSymbol:: (huge)
 0001:0001E7BC      ObjSymbol::GetBaseType()
 0001:0001B638      ObjSymbol::GetIndex()
 0001:0001E620      ObjSymbol::GetName()
 0001:000106B0      ObjSymbol::GetOffset()
 0001:00010DB0      ObjSymbol::GetType()
 0001:0001F17C      ObjSymbol::IsSectionRelative()
 0001:0000C590      ObjSymbol::ObjSymbol(const std::basic_string<char, std::char_traits<char>, std::allocator<char> >&, ObjSymbol::eType, int)
 0001:000164C4      ObjSymbol::SetBaseType(ObjType *)
 0001:0001848C      ObjSymbol::SetName(std::basic_string<char, std::char_traits<char>, std::allocator<char> >&)
 0001:00014E90      ObjSymbol::SetOffset(ObjExpression *)
 0001:0000C60C      ObjSymbol::SetSectionRelative(bool)
 0001:0000CF74      ObjSymbol::~ObjSymbol()
 0001:00019950      ObjType * * std::copy_backward<ObjType * *, ObjType * *>(ObjType * *, ObjType * *, ObjType * *)
 0001:00019A30      ObjType * * std::uninitialized_copy<ObjType * *, ObjType * *>(ObjType * *, ObjType * *, ObjType * *)
 0002:00001EC8      ObjType:: (huge)
 0001:0001610C      ObjType::Add(ObjField *)
 0001:000160E4      ObjType::FieldBegin()
 0001:000160F8      ObjType::FieldEnd()
 0001:0001D8FC      ObjType::GetBase()
 0001:0001D8E4      ObjType::GetBaseType()
 0001:0001BCB4      ObjType::GetIndex()
 0001:0001D8F0      ObjType::GetIndexType()
 0001:00015E28      ObjType::GetName()
 0001:0001D908      ObjType::GetTop()
 0001:000148D0      ObjType::GetType()
 0001:0000C8F0      ObjType::ObjType(ObjType::eType, ObjType *, int)
 0001:0000C81C      ObjType::ObjType(ObjType::eType, int)
 0001:0000C9AC      ObjType::ObjType(std::basic_string<char, std::char_traits<char>, std::allocator<char> >&, ObjType::eType, ObjType *, int)
 0001:00015B7C      ObjType::SetBase(int)
 0001:00014FA4      ObjType::SetBaseType(ObjType *)
 0001:00015B6C      ObjType::SetIndexType(ObjType *)
 0001:00016324      ObjType::SetName(std::basic_string<char, std::char_traits<char>, std::allocator<char> >&)
 0001:00015B8C      ObjType::SetTop(int)
 0001:00014F94      ObjType::SetType(ObjType::eType)
 0003:00000040      ObjType::defaultIndexType
 0001:0000CD7C      ObjType::~ObjType()
 0001:00021E0C      ObjUtil::FromDecimal(const char *, int *, int)
 0001:00021620      ObjUtil::FromHex(const char *, int *, int)
 0001:000214E0      ObjUtil::ToDecimal(int, int)
 0001:00020DEC      ObjUtil::ToHex(int, int)
 0001:000107FC      ObjWrapper * * std::copy<ObjWrapper * *, ObjWrapper * *>(ObjWrapper * *, ObjWrapper * *, ObjWrapper * *)
 0001:00010AF0      ObjWrapper * * std::copy_backward<ObjWrapper * *, ObjWrapper * *>(ObjWrapper * *, ObjWrapper * *, ObjWrapper * *)
 0001:00010BC4      ObjWrapper * * std::uninitialized_copy<ObjWrapper * *, ObjWrapper * *>(ObjWrapper * *, ObjWrapper * *, ObjWrapper * *)
 0002:00001184      ObjWrapper:: (huge)
 0001:00001DFC      ObjWrapper::ObjWrapper()
 0001:00001E4C      ObjWrapper::~ObjWrapper()
 0002:00001188      OutFile:: (huge)
 0001:00001D1C      OutFile::OutFile()
 0001:0000A68C      OutFile::~OutFile()
 0002:00001210      Real:: (huge)
 0001:0001003C      Real::Fixup * * std::copy<Real::Fixup * *, Real::Fixup * *>(Real::Fixup * *, Real::Fixup * *, Real::Fixup * *)
 0001:0000FB4C      Real::Fixup::Fixup(int, int)
 0001:00010144      Real::GetFirstSeg(ObjExpression *)
 0001:0000FA88      Real::GetFixupOffset(ObjExpression *, int, int)
 0001:0000F238      Real::ReadSections(ObjFile *, ObjExpression *)
 0001:00001094      Real::Real()
 0001:0000F714      Real::Write(std::basic_fstream<char, std::char_traits<char> >&)
 0001:0000F78C      Real::WriteHeader(std::basic_fstream<char, std::char_traits<char> >&)
 0001:0000A820      Real::~Real()
 0001:00000140      Sysinit::__linkproc__ __fastcall GetTls()
 0002:0000121C      Tiny:: (huge)
 0001:00010220      Tiny::ReadSections(ObjFile *, ObjExpression *)
 0001:00001058      Tiny::Tiny()
 0001:00010488      Tiny::Write(std::basic_fstream<char, std::char_traits<char> >&)
 0001:0000A874      Tiny::~Tiny()
 0001:00023344      Utils::QualifiedFile(const char *, const char *)
 0001:0002323C      Utils::ShortName(char *)
 0001:000232C8      Utils::banner(char *)
 0001:0002330C      Utils::fatal(char *, ...)
 0001:000232E4      Utils::usage(char *, char *)
 0002:0000B3E0      _CLOCALE
 0002:0000B2D0      _CMonetary
 0002:0000B304      _CNumeric
 0002:0000B31C      _CTimeDate
 0001:0003E9C4      _CatchCleanup()
 0001:00035CF0      _InitTermAndUnexPtrs()
 0001:0003E81D      _ReThrowException(unsigned int, unsigned char *)
 0001:0003E7E8      _ThrowExceptionLDTC(void *, void *, void *, void *, unsigned int, unsigned int, unsigned int, unsigned char *, void *)
 0003:00000BBC      __C0argc
 0003:00000BC0      __C0argv
 0003:00000BC4      __C0environ
 0001:0003FCE6      __CurrExcContext
 0003:000007CC      __DestructorCountPtr
 0001:0003D1AC      __ErrorExit
 0001:0003D080      __ErrorMessage
 0001:0003CFC0      __ErrorMessageHelper
 0003:00000BDC      __ExcRegPtr
 0001:00035E68      __ExceptInit
 0002:0000A098      __ExceptVarsSize
 0001:00035573      __ExceptionHandler
 0001:00035565      __ExitExceptBlock
 0001:00000059      __GetExceptDLLinfo
 0001:00035EB4      __GetExceptDLLinfoInternal
 0001:0003E888      __Global_unwind
 0003:000007D4      __HandlerPtr
 0001:00036050      __InitDefaultHander
 0001:0003552C      __InitExceptBlockLDTC
 0001:0003EEF4      __Local_unwind
 0002:0000018C      __PackageInfoTable
 0001:0003EF07      __Return_unwind
 0001:00036064      __SetExceptionHandler
 0001:00036004      __SetUserHandler
 0002:0000017B      __TLS_index
 0002:0000017F      __TLS_index4
 0001:00036079      __UnsetExceptionHandler
 0001:000360A5      __UnwindException
 0003:000007D8      __UserHandlerPtr
 0002:00000188      ___CPPdebugHook
 0002:00000188      ___CPPdebugHook_segment
 0002:00009FFC      ___CPPexceptionList
 0001:00023A8C      ___CRTL_MEM_CheckBorMem
 0001:00023A10      ___CRTL_MEM_GetBorMemPtrs
 0001:00023AC8      ___CRTL_MEM_Revector
 0001:00023B80      ___CRTL_MEM_UseBorMM
 0001:0003E148      ___CRTL_TLS_Alloc
 0001:0003E18C      ___CRTL_TLS_ExitThread
 0001:0003E150      ___CRTL_TLS_Free
 0001:0003E194      ___CRTL_TLS_GetInfo
 0001:0003E160      ___CRTL_TLS_GetValue
 0001:0003E184      ___CRTL_TLS_InitThread
 0001:0003E170      ___CRTL_TLS_SetValue
 0001:000247E8      ___CRTL_VCLLIB_Linkage
 0001:000247E4      ___CRTL_VCL_Init
 0001:00037018      ___DOSerror
 0001:00035EDC      ___DefHandler
 0001:0003D19C      ___ErrorMessage
 0002:0000A018      ___ExceptStaticXbuff
 0001:00036FD4      ___IOerror
 0001:0003E1C3      ___JumpToCatch__
 0001:00037038      ___NTerror
 0001:00000140      ___System__GetTls
 0001:0003EF68      ____ExceptionHandler
 0001:00036588      ____wopen
 0002:00005B64      ___allocated
 0003:000001A8      ___bad_alloc
 0001:00035DBC      ___call_terminate
 0001:00035E30      ___call_unexpected
 0001:000360D0      ___close
 0002:0000BAF4      ___debuggerDisableTerminateCallback
 0001:000360B2      ___doGlobalUnwind
 0002:0000A000      ___exceptFlags
 0002:0000A014      ___exceptMemAllocVars
 0002:0000A010      ___exceptStaticBuffP
 0001:00036C00      ___fputn
 0002:0000B770      ___ieee_64_n_inf
 0002:0000B780      ___ieee_64_n_nanq
 0002:0000B790      ___ieee_64_n_nans
 0002:0000B7A0      ___ieee_64_n_zero
 0002:0000B768      ___ieee_64_p_inf
 0002:0000B778      ___ieee_64_p_nanq
 0002:0000B788      ___ieee_64_p_nans
 0002:0000B798      ___ieee_64_p_zero
 0001:0003B2FC      ___int64toa
 0002:0000016D      ___isDLL
 0002:00000134      ___isGUI
 0002:0000016C      ___isVCLPackage
 0001:00036130      ___isatty
 0001:00036160      ___isatty_osfhandle
 0001:00038D70      ___isctype
 0001:00038DB4      ___iswctype
 0001:0003B3B0      ___ldtrunc
 0002:0000B40C      ___locale
 0002:0000B1BC      ___localeLock
 0001:0003B4C8      ___longtoa
 0001:00036178      ___lseek
 0002:0000B1B8      ___mb_cur_max
 0001:0003B23A      ___nextreal
 0001:000361F0      ___open
 0001:00036A74      ___org__dos_getftime
 0001:00024550      ___org__expand
 0001:0003ADD0      ___org__lsetlocale
 0001:0003B5D0      ___org__matherr
 0001:0003B5FC      ___org__matherrl
 0001:000247C8      ___org__msize
 0001:00036934      ___org__read
 0001:000368EC      ___org__rtl_read
 0001:00036988      ___org__rtl_write
 0001:000369D0      ___org__write
 0001:0003B1E0      ___org_atoi
 0001:0003B178      ___org_atol
 0001:000233EC      ___org_calloc
 0001:00036A6C      ___org_close
 0001:00023418      ___org_delete
 0001:00023428      ___org_deletea
 0001:00036B00      ___org_fflush
 0001:0003704C      ___org_fputc
 0001:00023AA0      ___org_free
 0001:0003D32C      ___org_getenv
 0001:00036CDC      ___org_getftime
 0001:0003B558      ___org_itoa
 0001:0003715C      ___org_lseek
 0001:0003AFE8      ___org_ltoa
 0001:00023A90      ___org_malloc
 0001:0003A900      ___org_mblen
 0001:0003AAC4      ___org_mbstowcs
 0001:0003A97C      ___org_mbtowc
 0001:00035080      ___org_memchr
 0001:00035364      ___org_memcmp
 0001:000350A0      ___org_memcpy
 0001:000350C4      ___org_memmove
 0001:00035110      ___org_memset
 0001:0002344C      ___org_new
 0001:000234DC      ___org_newa
 0001:00037164      ___org_open
 0001:00037174      ___org_printf
 0001:0003DDDC      ___org_raise
 0001:00037198      ___org_read
 0001:00023AB0      ___org_realloc
 0001:00037C2C      ___org_sprintf
 0001:00037CA8      ___org_sscanf
 0001:000351B4      ___org_strcat
 0001:000351F0      ___org_strchr
 0001:00035244      ___org_strcpy
 0001:000353D0      ___org_strdup
 0001:00035274      ___org_strlen
 0001:000352D0      ___org_strncat
 0001:00035404      ___org_strncpy
 0001:00035454      ___org_strrchr
 0001:00035480      ___org_strstr
 0001:0003B588      ___org_ultoa
 0001:000387F4      ___org_vprintf
 0001:00037C54      ___org_vsprintf
 0001:00037CCC      ___org_vsscanf
 0001:0003AC2C      ___org_wcstombs
 0001:0003AA50      ___org_wctomb
 0001:00038818      ___org_write
 0003:00000C00      ___pCPPdebugHook
 0002:0000B950      ___pCallAtExitProcs
 0001:0003E42D      ___raiseDebuggerException
 0001:00036458      ___read
 0001:0003B234      ___realcvt
 0001:000379D8      ___scantoint64
 0002:00009FC0      ___terminatePTR
 0002:0000A00C      ___throwExceptionName
 0002:0000A004      ___throwFileName
 0002:0000A008      ___throwLineNumber
 0002:00009FC4      ___unexpectdPTR
 0002:0000017A      ___useDynamicTLS
 0001:0003B53C      ___utoa
 0001:00037EB8      ___vprinter
 0001:00036970      ___wopen
 0001:00036784      ___write
 0001:0003C690      ___xcvt
 0001:0003C964      ___xcvtw
 0004:00000000      ___xxInfo
 0002:00009C9C      ___xxPersonality
 0001:0003D260      __abort
 0001:00000000      __acrtused
 0001:00039DEC      __addCategoryName
 0001:00035C74      __adjustClassAdr(void *, tpid *, tpid *)
 0001:00039F8C      __allocAndGetValue
 0001:000369EC      __allocbuf
 0003:00000BD0      __argc
 0003:00000B98      __argv
 0002:0000BA18      __argv0
 0001:0003D3A0      __argv_default_expand
 0002:0000BA10      __argv_expand_ptr
 0001:0003CF10      __assert
 0003:000001AC      __bormm_pfn_FreeMem
 0003:000001B0      __bormm_pfn_GetMem
 0003:000001B8      __bormm_pfn_HeapAddRef
 0003:000001BC      __bormm_pfn_HeapRelease
 0003:000001B4      __bormm_pfn_ReallocMem
 0001:0003D31C      __c_exit
 0001:0003D30C      __cexit
 0002:0000A0F4      __cfinfo_get
 0002:0000AD28      __chartype
 0002:00003A38      __chtbl__ ObjBrowseInfo * * std::uninitialized_copy<ObjBrowseInfo * *, ObjBrowseInfo * *>(ObjBrowseInfo * *, ObjBrowseInfo * *, ObjBrowseInfo * *)
 0002:000032C8      __chtbl__ ObjDebugTag * * std::uninitialized_copy<ObjDebugTag * *, ObjDebugTag * *>(ObjDebugTag * *, ObjDebugTag * *, ObjDebugTag * *)
 0002:000039A4      __chtbl__ ObjField * * std::uninitialized_copy<ObjField * *, ObjField * *>(ObjField * *, ObjField * *, ObjField * *)
 0002:00002D5C      __chtbl__ ObjIeee::HandleRead(ObjIOBase::eParseType)
 0002:00003ACC      __chtbl__ ObjMemory * * std::uninitialized_copy<ObjMemory * *, ObjMemory * *>(ObjMemory * *, ObjMemory * *, ObjMemory * *)
 0002:0000387C      __chtbl__ ObjSection * * std::uninitialized_copy<ObjSection * *, ObjSection * *>(ObjSection * *, ObjSection * *, ObjSection * *)
 0002:00003910      __chtbl__ ObjSourceFile * * std::uninitialized_copy<ObjSourceFile * *, ObjSourceFile * *>(ObjSourceFile * *, ObjSourceFile * *, ObjSourceFile * *)
 0002:000026BC      __chtbl__ ObjSymbol * * std::uninitialized_copy<ObjSymbol * *, ObjSymbol * *>(ObjSymbol * *, ObjSymbol * *, ObjSymbol * *)
 0002:000037E8      __chtbl__ ObjType * * std::uninitialized_copy<ObjType * *, ObjType * *>(ObjType * *, ObjType * *, ObjType * *)
 0002:00002628      __chtbl__ ObjWrapper * * std::uninitialized_copy<ObjWrapper * *, ObjWrapper * *>(ObjWrapper * *, ObjWrapper * *, ObjWrapper * *)
 0002:0000A0AC      __chtbl__ __call_terminate()
 0002:00000B10      __chtbl__ __rwstd::__rb_tree<CmdSwitchBase *, CmdSwitchBase *, __rwstd::__ident<CmdSwitchBase *, CmdSwitchBase *>, CmdSwitchParser::plt, std::allocator<CmdSwitchBase *> >::__add_new_buffer()
 0002:00005808      __chtbl__ __rwstd::__rb_tree<CmdSwitchBase *, CmdSwitchBase *, __rwstd::__ident<CmdSwitchBase *, CmdSwitchBase *>, CmdSwitchParser::plt, std::allocator<CmdSwitchBase *> >::__get_node(CmdSwitchBase * const&)
 0002:00000E84      __chtbl__ __rwstd::__rb_tree<int, std::pair<const int, ObjSection *>, __rwstd::__select1st<std::pair<const int, ObjSection *>, int>, Ieeeltcompare, std::allocator<std::pair<const int, ObjSection *> > >::__add_new_buffer()
 0002:00002CE0      __chtbl__ __rwstd::__rb_tree<int, std::pair<const int, ObjSection *>, __rwstd::__select1st<std::pair<const int, ObjSection *>, int>, Ieeeltcompare, std::allocator<std::pair<const int, ObjSection *> > >::__get_node(const std::pair<const int, ObjSection *>&)
 0002:00000F90      __chtbl__ __rwstd::__rb_tree<int, std::pair<const int, ObjSourceFile *>, __rwstd::__select1st<std::pair<const int, ObjSourceFile *>, int>, Ieeeltcompare, std::allocator<std::pair<const int, ObjSourceFile *> > >::__add_new_buffer()
 0002:000031F4      __chtbl__ __rwstd::__rb_tree<int, std::pair<const int, ObjSourceFile *>, __rwstd::__select1st<std::pair<const int, ObjSourceFile *>, int>, Ieeeltcompare, std::allocator<std::pair<const int, ObjSourceFile *> > >::__get_node(const std::pair<const int, ObjSourceFile *>&)
 0002:00000C6C      __chtbl__ __rwstd::__rb_tree<int, std::pair<const int, ObjSymbol *>, __rwstd::__select1st<std::pair<const int, ObjSymbol *>, int>, Ieeeltcompare, std::allocator<std::pair<const int, ObjSymbol *> > >::__add_new_buffer()
 0002:00002A58      __chtbl__ __rwstd::__rb_tree<int, std::pair<const int, ObjSymbol *>, __rwstd::__select1st<std::pair<const int, ObjSymbol *>, int>, Ieeeltcompare, std::allocator<std::pair<const int, ObjSymbol *> > >::__get_node(const std::pair<const int, ObjSymbol *>&)
 0002:00000D78      __chtbl__ __rwstd::__rb_tree<int, std::pair<const int, ObjType *>, __rwstd::__select1st<std::pair<const int, ObjType *>, int>, Ieeeltcompare, std::allocator<std::pair<const int, ObjType *> > >::__add_new_buffer()
 0002:00002DAC      __chtbl__ __rwstd::__rb_tree<int, std::pair<const int, ObjType *>, __rwstd::__select1st<std::pair<const int, ObjType *>, int>, Ieeeltcompare, std::allocator<std::pair<const int, ObjType *> > >::__get_node(const std::pair<const int, ObjType *>&)
 0002:00007524      __chtbl__ __rwstd::__rb_tree<int, std::pair<const int, std::basic_string<char, std::char_traits<char>, std::allocator<char> > >, __rwstd::__select1st<std::pair<const int, std::basic_string<char, std::char_traits<char>, std::allocator<char> > >, int>, std::less<int>, ...
 0002:000074F0      __chtbl__ __rwstd::__rb_tree<int, std::pair<const int, std::basic_string<char, std::char_traits<char>, std::allocator<char> > >, __rwstd::__select1st<std::pair<const int, std::basic_string<char, std::char_traits<char>, std::allocator<char> > >, int>, std::less<int>, ...
 0002:00007938      __chtbl__ __rwstd::rw_extract_string<std::basic_istream<char, std::char_traits<char> >, std::basic_string<char, std::char_traits<char>, std::allocator<char> >, std::char_traits<char> >(std::basic_istream<char, std::char_traits<char> >&, ...
 0002:00007958      __chtbl__ __rwstd::rw_extract_string<std::basic_istream<char, std::char_traits<char> >, std::basic_string<char, std::char_traits<char>, std::allocator<char> >, std::char_traits<char> >(std::basic_istream<char, std::char_traits<char> >&, ...
 0002:000092FC      __chtbl__ catgets(__rwstd::__rwcat *, int, int, const char *)
 0002:00009278      __chtbl__ catopen(const char *, int)
 0002:00007A70      __chtbl__ std::basic_istream<char, std::char_traits<char> >::operator >>(int&)
 0002:00007A50      __chtbl__ std::basic_istream<char, std::char_traits<char> >::operator >>(int&)
 0002:000078C0      __chtbl__ std::basic_istream<char, std::char_traits<char> >::read(char *, long)
 0002:000078A0      __chtbl__ std::basic_istream<char, std::char_traits<char> >::read(char *, long)
 0002:000057C0      __chtbl__ std::basic_istream<char, std::char_traits<char> >::seekg(long, int)
 0002:000057A0      __chtbl__ std::basic_istream<char, std::char_traits<char> >::seekg(long, int)
 0002:00008044      __chtbl__ std::basic_istream<char, std::char_traits<char> >::tellg()
 0002:00008064      __chtbl__ std::basic_istream<char, std::char_traits<char> >::tellg()
 0002:00007D20      __chtbl__ std::basic_ostream<char, std::char_traits<char> >& std::operator <<(std::basic_ostream<char, std::char_traits<char> >&, const char *)
 0002:00007D00      __chtbl__ std::basic_ostream<char, std::char_traits<char> >& std::operator <<(std::basic_ostream<char, std::char_traits<char> >&, const char *)
 0002:00005614      __chtbl__ std::basic_ostream<char, std::char_traits<char> >& std::operator <<(std::basic_ostream<char, std::char_traits<char> >&, const std::basic_string<char, std::char_traits<char>, std::allocator<char> >&)
 0002:000055F4      __chtbl__ std::basic_ostream<char, std::char_traits<char> >& std::operator <<(std::basic_ostream<char, std::char_traits<char> >&, const std::basic_string<char, std::char_traits<char>, std::allocator<char> >&)
 0002:0000549C      __chtbl__ std::basic_ostream<char, std::char_traits<char> >& std::operator <<(std::basic_ostream<char, std::char_traits<char> >&, const std::smanip<int>&)
 0002:00005394      __chtbl__ std::basic_ostream<char, std::char_traits<char> >& std::operator <<(std::basic_ostream<char, std::char_traits<char> >&, const std::smanip_fill<char, std::char_traits<char> >&)
 0002:00007B3C      __chtbl__ std::basic_ostream<char, std::char_traits<char> >::operator <<(int)
 0002:00007B1C      __chtbl__ std::basic_ostream<char, std::char_traits<char> >::operator <<(int)
 0002:00007BF0      __chtbl__ std::basic_ostream<char, std::char_traits<char> >::put(char)
 0002:00007BD0      __chtbl__ std::basic_ostream<char, std::char_traits<char> >::put(char)
 0002:00007C88      __chtbl__ std::basic_ostream<char, std::char_traits<char> >::write(const char *, long)
 0002:00007C68      __chtbl__ std::basic_ostream<char, std::char_traits<char> >::write(const char *, long)
 0002:00002BF8      __chtbl__ std::deque<ObjExpression *, std::allocator<ObjExpression *> >::__allocate_at_end()
 0002:00002BD8      __chtbl__ std::deque<ObjExpression *, std::allocator<ObjExpression *> >::__allocate_at_end()
 0002:000042BC      __chtbl__ std::deque<ObjField *, std::allocator<ObjField *> >::__allocate_at_begin()
 0002:000042DC      __chtbl__ std::deque<ObjField *, std::allocator<ObjField *> >::__allocate_at_begin()
 0002:00002444      __chtbl__ std::deque<Real::Fixup, std::allocator<Real::Fixup> >::__allocate_at_end()
 0002:00002464      __chtbl__ std::deque<Real::Fixup, std::allocator<Real::Fixup> >::__allocate_at_end()
 0002:00009FC8      __chtbl__ std::terminate()
 0002:000039E0      __chtbl__ std::vector<ObjBrowseInfo *, std::allocator<ObjBrowseInfo *> >::__insert_aux(ObjBrowseInfo * *, ObjBrowseInfo * const&)
 0002:00003270      __chtbl__ std::vector<ObjDebugTag *, std::allocator<ObjDebugTag *> >::__insert_aux(ObjDebugTag * *, ObjDebugTag * const&)
 0002:0000394C      __chtbl__ std::vector<ObjField *, std::allocator<ObjField *> >::__insert_aux(ObjField * *, ObjField * const&)
 0002:00003A74      __chtbl__ std::vector<ObjMemory *, std::allocator<ObjMemory *> >::__insert_aux(ObjMemory * *, ObjMemory * const&)
 0002:00003824      __chtbl__ std::vector<ObjSection *, std::allocator<ObjSection *> >::__insert_aux(ObjSection * *, ObjSection * const&)
 0002:000038B8      __chtbl__ std::vector<ObjSourceFile *, std::allocator<ObjSourceFile *> >::__insert_aux(ObjSourceFile * *, ObjSourceFile * const&)
 0002:00002664      __chtbl__ std::vector<ObjSymbol *, std::allocator<ObjSymbol *> >::__insert_aux(ObjSymbol * *, ObjSymbol * const&)
 0002:00003790      __chtbl__ std::vector<ObjType *, std::allocator<ObjType *> >::__insert_aux(ObjType * *, ObjType * const&)
 0002:000025D0      __chtbl__ std::vector<ObjWrapper *, std::allocator<ObjWrapper *> >::__insert_aux(ObjWrapper * *, ObjWrapper * const&)
 0001:00039820      __cleanCategories
 0001:000393A0      __cleanLocale
 0001:0003DF38      __cleanup
 0001:0003B1F0      __clear87
 0002:0000B9C4      __cmdline_escapes
 0001:0003B204      __control87
 0001:0003DE5C      __create_shmem
 0001:0003B980      __cvt_init
 0001:0003BCB4      __cvt_initw
 0002:0000B728      __default87
 0003:00000BD4      __dll_table
 0002:0000A684      __dosErrorToSV
 0001:00036A74      __dos_getftime
 0003:0000096C      __doserrno
 0001:00036D58      __dup_handle
 0002:00000A90      __ectbl__ CmdSwitchBase::CmdSwitchBase()
 0002:00005758      __ectbl__ CmdSwitchBase::CmdSwitchBase(CmdSwitchParser&, char)
 0002:00005800      __ectbl__ CmdSwitchBase::CmdSwitchBase(char)
 0002:0000095C      __ectbl__ CmdSwitchFile::CmdSwitchFile(CmdSwitchParser&)
 0002:00005780      __ectbl__ CmdSwitchFile::Parse(const char *)
 0002:00001144      __ectbl__ CmdSwitchFile::~CmdSwitchFile()
 0002:000007A0      __ectbl__ CmdSwitchParser::CmdSwitchParser()
 0002:000007C4      __ectbl__ CmdSwitchParser::~CmdSwitchParser()
 0002:00000A4C      __ectbl__ CmdSwitchString::CmdSwitchString()
 0002:000007E8      __ectbl__ CmdSwitchString::CmdSwitchString(CmdSwitchParser&, char, char)
 0002:0000113C      __ectbl__ CmdSwitchString::~CmdSwitchString()
 0002:00003A58      __ectbl__ ObjBrowseInfo * * std::uninitialized_copy<ObjBrowseInfo * *, ObjBrowseInfo * *>(ObjBrowseInfo * *, ObjBrowseInfo * *, ObjBrowseInfo * *)
 0002:00001A20      __ectbl__ ObjBrowseInfo::ObjBrowseInfo(ObjBrowseInfo::eType, ObjBrowseInfo::eQual, ObjLineNo *, std::basic_string<char, std::char_traits<char>, std::allocator<char> >&)
 0002:00002328      __ectbl__ ObjBrowseInfo::~ObjBrowseInfo()
 0002:000032E8      __ectbl__ ObjDebugTag * * std::uninitialized_copy<ObjDebugTag * *, ObjDebugTag * *>(ObjDebugTag * *, ObjDebugTag * *, ObjDebugTag * *)
 0002:00001A50      __ectbl__ ObjDebugTag::ObjDebugTag(ObjLineNo *)
 0002:00001A74      __ectbl__ ObjDebugTag::ObjDebugTag(ObjSymbol *)
 0002:00001A98      __ectbl__ ObjDebugTag::ObjDebugTag(ObjSymbol *, bool)
 0002:00001ABC      __ectbl__ ObjDebugTag::ObjDebugTag(bool)
 0002:00002304      __ectbl__ ObjDebugTag::~ObjDebugTag()
 0002:00001DC8      __ectbl__ ObjDefinitionSymbol::ObjDefinitionSymbol(std::basic_string<char, std::char_traits<char>, std::allocator<char> >&)
 0002:00002178      __ectbl__ ObjDefinitionSymbol::~ObjDefinitionSymbol()
 0002:00005254      __ectbl__ ObjExportSymbol::GetDllName()
 0002:00005230      __ectbl__ ObjExportSymbol::GetExternalName()
 0002:00001D98      __ectbl__ ObjExportSymbol::ObjExportSymbol(std::basic_string<char, std::char_traits<char>, std::allocator<char> >&)
 0002:0000219C      __ectbl__ ObjExportSymbol::~ObjExportSymbol()
 0002:00001B28      __ectbl__ ObjExpression::ObjExpression(ObjExpression *)
 0002:00001AE0      __ectbl__ ObjExpression::ObjExpression(ObjExpression::eOperator)
 0002:00001B94      __ectbl__ ObjExpression::ObjExpression(ObjExpression::eOperator, ObjExpression *)
 0002:00001BB8      __ectbl__ ObjExpression::ObjExpression(ObjExpression::eOperator, ObjExpression *, ObjExpression *)
 0002:00001B70      __ectbl__ ObjExpression::ObjExpression(ObjSection *)
 0002:00001B4C      __ectbl__ ObjExpression::ObjExpression(ObjSymbol *)
 0002:00001B04      __ectbl__ ObjExpression::ObjExpression(int)
 0002:000022E0      __ectbl__ ObjExpression::~ObjExpression()
 0002:000025B0      __ectbl__ ObjFactory::Deallocate()
 0002:000017A0      __ectbl__ ObjFactory::MakeAutoSymbol(std::basic_string<char, std::char_traits<char>, std::allocator<char> >&, int)
 0002:00001350      __ectbl__ ObjFactory::MakeBrowseInfo(ObjBrowseInfo::eType, ObjBrowseInfo::eQual, ObjLineNo *, std::basic_string<char, std::char_traits<char>, std::allocator<char> >&)
 0002:00001650      __ectbl__ ObjFactory::MakeData(int, unsigned char)
 0002:00001620      __ectbl__ ObjFactory::MakeData(unsigned char *, int)
 0002:00001380      __ectbl__ ObjFactory::MakeDebugTag(ObjLineNo *)
 0002:000013B0      __ectbl__ ObjFactory::MakeDebugTag(ObjSymbol *)
 0002:000013E0      __ectbl__ ObjFactory::MakeDebugTag(ObjSymbol *, bool)
 0002:00001410      __ectbl__ ObjFactory::MakeDebugTag(bool)
[...]
 0002:000082F8      __ectbl__ std::length_error::length_error(const std::basic_string<char, std::char_traits<char>, std::allocator<char> >&)
 0002:0000830C      __ectbl__ std::length_error::length_error(const std::length_error&)
 0002:00008314      __odtbl__ std::locale::facet::~facet()
 0002:00008324      __ectbl__ std::locale::facet::~facet()
 0002:00008338      __ectbl__ std::mbstate_t::mbstate_t(long)
 0002:00008340      __odtbl__ std::locale::locale()
 0002:00008350      __ectbl__ std::locale::locale()
 0002:00008364      __odtbl__ std::codecvt<char, char, std::mbstate_t>::codecvt<char, char, std::mbstate_t>(unsigned int)
 0002:00008374      __ectbl__ std::codecvt<char, char, std::mbstate_t>::codecvt<char, char, std::mbstate_t>(unsigned int)
 0002:00008388      __odtbl__ std::locale::locale(const std::locale&)
 0002:00008398      __ectbl__ std::locale::locale(const std::locale&)
 0002:000083AC      __ectbl__ std::mbstate_t::mbstate_t(const std::mbstate_t&)
 0002:000083B4      __ectbl__ __rwstd::locale_id_imp::locale_id_imp()
 0002:000083BC      __odtbl__ __rwstd::facet_imp::facet_imp(unsigned int, int)
 0002:000083CC      __ectbl__ __rwstd::facet_imp::facet_imp(unsigned int, int)
 0002:000083E0      __odtbl__ __rwstd::ref_counted::ref_counted(unsigned int)
 0002:000083F0      __ectbl__ __rwstd::ref_counted::ref_counted(unsigned int)
 0002:00008404      __odtbl__ __rwstd::numpunct_data<char>::numpunct_data<char>(const __rwstd::numpunct_init<char> *)
 0002:00008414      __ectbl__ __rwstd::numpunct_data<char>::numpunct_data<char>(const __rwstd::numpunct_init<char> *)
 0002:00008428      __rwstd::ref_counted:: (rtti)
 0002:00008438      __rwstd::facet_imp:: (rtti)
 0002:0000844C      std::codecvt<char, char, std::mbstate_t>:: (rtti)
 0002:0000847C      std::ios_base::failure:: (rtti)
 0002:00008490      std::length_error:: (rtti)
 0002:000084A4      std::out_of_range:: (rtti)
 0002:000084B8      std::logic_error:: (rtti)
 0002:000084CC      std::locale::facet:: (rtti)
 0002:000084E0      std::num_put<char, std::ostreambuf_iterator<char, std::char_traits<char> > >:: (rtti)
 0002:00008524      std::num_get<char, std::istreambuf_iterator<char, std::char_traits<char> > >:: (rtti)
 0002:00008564      std::basic_ios<char, std::char_traits<char> >:: (rtti)
 0002:00008574      std::basic_ostream<char, std::char_traits<char> >:: (rtti)
 0002:00008590      std::basic_istream<char, std::char_traits<char> >:: (rtti)
 0002:000085AC      std::basic_iostream<char, std::char_traits<char> >:: (rtti)
 0002:000085D4      std::basic_fstream<char, std::char_traits<char> >:: (rtti)
 0002:000085FC      std::basic_streambuf<char, std::char_traits<char> >:: (rtti)
 0002:0000863C      std::basic_filebuf<char, std::char_traits<char> >:: (rtti)
 0002:0000867C      std::numpunct_byname<char>:: (rtti)
 0002:000086A4      std::numpunct<char>:: (rtti)
 0002:000086CC      __ectbl__ __rwstd::facet_imp::~facet_imp()
 0002:000086D4      __ectbl__ std::pair<const int, std::basic_string<char, std::char_traits<char>, std::allocator<char> > >::~pair<const int, std::basic_string<char, std::char_traits<char>, std::allocator<char> > >()
 0002:000086DC      __ectbl__ __rwstd::numpunct_impl<char>::~numpunct_impl<char>()
 0002:000086E4      __ectbl__ __rwstd::numpunct_data<char>::~numpunct_data<char>()
 0002:000086EC      __ectbl__ __rwstd::punct_data<char>::~punct_data<char>()
 0002:000086F4      d289_0
 0002:000086F4      __rwstd::__rwOpenTable
 0002:00008774      d295_1
 0002:00008774      __rwstd::rwse_failbit_set
 0002:00008778      __rwstd::rwse_badbit_set
 0002:0000877C      __rwstd::rwse_eofbit_set
 0002:000087E0      std::ios_base::__sync_with_stdio
 0002:000087E4      __odtbl__ std::ios_base::failure::failure(const std::basic_string<char, std::char_traits<char>, std::allocator<char> >&)
 0002:000087F4      __ectbl__ std::ios_base::failure::failure(const std::basic_string<char, std::char_traits<char>, std::allocator<char> >&)
 0002:00008820      __odtbl__ std::ios_base::failure::~failure()
 0002:00008830      __ectbl__ std::ios_base::failure::~failure()
 0002:00008850      __odtbl__ std::ios_base::Init::Init()
 0002:00008860      __ectbl__ std::ios_base::Init::Init()
 0002:00008874      __odtbl__ std::ios_base::ios_base()
 0002:00008884      __ectbl__ std::ios_base::ios_base()
 0002:00008898      __odtbl__ std::ios_base::~ios_base()
 0002:000088B8      __ectbl__ std::ios_base::~ios_base()
 0002:000088F0      std::ios_base:: (rtti)
 0002:00008900      d297_1
 0002:00008980      __odtbl__ std::strstreambuf::strstreambuf(long)
 0002:00008990      __ectbl__ std::strstreambuf::strstreambuf(long)
 0002:000089A4      __odtbl__ std::strstreambuf::~strstreambuf()
 0002:000089B4      __ectbl__ std::strstreambuf::~strstreambuf()
 0002:000089C8      __odtbl__ std::strstream::strstream()
 0002:000089D8      __ectbl__ std::strstream::strstream()
 0002:000089F8      __odtbl__ std::strstream::~strstream()
 0002:00008A08      __ectbl__ std::strstream::~strstream()
 0002:00008A1C      std::strstream:: (rtti)
 0002:00008A44      std::strstreambuf:: (rtti)
 0002:00008A84      d313_1
 0002:00008A84      __rwstd::__rw_LocaleBadNumericName
 0002:00008AA0      __odtbl__ __rwstd::numpunct_base::get_named_init_(const char *)
 0002:00008AEC      __ectbl__ __rwstd::numpunct_base::get_named_init_(const char *)
 0002:00008B48      __ectbl__ std::domain_error::domain_error(const std::domain_error&)
 0002:00008B5C      std::domain_error:: (rtti)
 0002:00008B70      d315_1
 0002:00008B7C      std::ctype<char>::id
 0002:00008B80      __vdflg__ std::ctype<char>::id
 0002:00008B84      std::ctype<char>::__classic_table
 0002:00008F84      __odtbl__ std::ctype<char>::ctype<char>(const std::ctype_base::mask *, bool, unsigned int)
 0002:00008F94      __ectbl__ std::ctype<char>::ctype<char>(const std::ctype_base::mask *, bool, unsigned int)
 0002:00008FA8      __odtbl__ std::ctype<char>::__initfacet(const std::locale *)
 0002:00008FD4      __ectbl__ std::ctype<char>::__initfacet(const std::locale *)
 0002:00009000      __odtbl__ std::ctype<char>::~ctype<char>()
 0002:00009010      __ectbl__ std::ctype<char>::~ctype<char>()
 0002:00009024      __rwstd::numpunct_impl<char>::ivals_
 0002:00009034      std::ctype<char>:: (rtti)
 0002:00009068      d317_1
 0002:00009070      __odtbl__ std::ctype_byname<char>::ctype_byname<char>(const char *, unsigned int)
 0002:000090A0      __ectbl__ std::ctype_byname<char>::ctype_byname<char>(const char *, unsigned int)
 0002:000090CC      __odtbl__ std::ctype_byname<char>::~ctype_byname<char>()
 0002:000090DC      __ectbl__ std::ctype_byname<char>::~ctype_byname<char>()
 0002:000090F0      __odtbl__ std::ctype_byname<char>::get_mask_table(const char *)
 0002:00009110      __ectbl__ std::ctype_byname<char>::get_mask_table(const char *)
 0002:00009130      std::ctype_byname<char>:: (rtti)
 0002:00009164      d325_1
 0002:000091A0      __odtbl__ __rwstd::__rwcat::__rwcat(const char *, int)
 0002:000091B0      __ectbl__ __rwstd::__rwcat::__rwcat(const char *, int)
 0002:000091DC      __odtbl__ __rwstd::__rwcat::~__rwcat()
 0002:000091EC      __ectbl__ __rwstd::__rwcat::~__rwcat()
 0002:0000920C      __odtbl__ __rwstd::__rwcat::catgets(int, int, const char *)
 0002:00009228      __ectbl__ __rwstd::__rwcat::catgets(int, int, const char *)
 0002:00009278      __chtbl__ catopen(const char *, int)
 0002:00009298      __odtbl__ catopen(const char *, int)
 0002:000092B8      __ectbl__ catopen(const char *, int)
 0002:000092FC      __chtbl__ catgets(__rwstd::__rwcat *, int, int, const char *)
 0002:0000931C      __ectbl__ catgets(__rwstd::__rwcat *, int, int, const char *)
 0002:00009330      __ectbl__ std::map<int, std::basic_string<char, std::char_traits<char>, std::allocator<char> >, std::less<int>, std::allocator<std::pair<const int, std::basic_string<char, std::char_traits<char>, std::allocator<char> > > > >::~map<int, std::basic_string<char, std::char_traits<char>, std::allocator<char> >, std::less<int>, std::allocator<std::pair<const int, std::basic_string<char, std::char_traits<char>, std::allocator<char> > > > >()
 0002:00009344      __rwstd::__rw_LocaleNotPresent
 0002:00009344      d327_1
 0002:00009348      __rwstd::__rw_LocaleInitCalledTwice
 0002:0000934C      __rwstd::__rw_LocaleNullPointer
 0002:00009350      __rwstd::__rw_LocaleBadName
 0002:00009354      __rwstd::__rw_LocaleErrorName
 0002:00009358      __rwstd::__rw_LocaleCodeConvFailed
 0002:000094F8      __odtbl__ __rwstd::locale_imp::locale_imp(unsigned int, unsigned int)
 0002:00009518      __ectbl__ __rwstd::locale_imp::locale_imp(unsigned int, unsigned int)
 0002:0000955C      __odtbl__ __rwstd::locale_imp::~locale_imp()
 0002:0000958C      __ectbl__ __rwstd::locale_imp::~locale_imp()
 0002:000095F4      __odtbl__ __rwstd::use_Clib_locale::use_Clib_locale(const char *, int)
 0002:00009604      __ectbl__ __rwstd::use_Clib_locale::use_Clib_locale(const char *, int)
 0002:00009618      __odtbl__ std::locale::init()
 0002:00009664      __ectbl__ std::locale::init()
 0002:000096D8      __odtbl__ std::locale::operator =(const std::locale&)
 0002:000096E8      __ectbl__ std::locale::operator =(const std::locale&)
 0002:00009708      __odtbl__ std::locale::name() const
 0002:00009754      __ectbl__ std::locale::name() const
 0002:000097BC      __odtbl__ std::locale::__make_explicit(const std::locale::id&, bool, int, __rwstd::facet_imp * (*)(int, const char *, unsigned int)) const
 0002:000097DC      __ectbl__ std::locale::__make_explicit(const std::locale::id&, bool, int, __rwstd::facet_imp * (*)(int, const char *, unsigned int)) const
 0002:00009808      __odtbl__ std::locale::__install(__rwstd::facet_imp *, const std::locale::id&) const
 0002:00009818      __ectbl__ std::locale::__install(__rwstd::facet_imp *, const std::locale::id&) const
 0002:00009838      std::codecvt<char, char, std::mbstate_t>::id
 0002:0000983C      __vdflg__ std::codecvt<char, char, std::mbstate_t>::id
 0002:00009840      __odtbl__ std::codecvt<char, char, std::mbstate_t>::~codecvt<char, char, std::mbstate_t>()
 0002:00009850      __ectbl__ std::codecvt<char, char, std::mbstate_t>::~codecvt<char, char, std::mbstate_t>()
 0002:00009864      std::codecvt<wchar_t, char, std::mbstate_t>::id
 0002:00009868      __vdflg__ std::codecvt<wchar_t, char, std::mbstate_t>::id
 0002:0000986C      __rwstd::digit_map_base::punct_chars
 0002:00009874      __rwstd::digit_map_base::digit_chars
 0002:0000988C      __ectbl__ __rwstd::digit_writer_base::digit_writer_base(std::ios_base&)
 0002:00009894      __ectbl__ std::runtime_error::runtime_error(const std::runtime_error&)
 0002:000098A8      std::runtime_error:: (rtti)
 0002:000098BC      __rwstd::locale_imp:: (rtti)
 0002:000098CC      d333_1
 0002:00009904      __odtbl__ __rwstd::locale_imp::build_name(std::basic_string<char, std::char_traits<char>, std::allocator<char> >&, const __rwstd::locale_vector<std::basic_string<char, std::char_traits<char>, std::allocator<char> > >&)
 0002:00009924      __ectbl__ __rwstd::locale_imp::build_name(std::basic_string<char, std::char_traits<char>, std::allocator<char> >&, const __rwstd::locale_vector<std::basic_string<char, std::char_traits<char>, std::allocator<char> > >&)
 0002:00009950      __odtbl__ __rwstd::digit_reader_base::to_floating_point(char *, char *, void *)
 0002:00009970      __ectbl__ __rwstd::digit_reader_base::to_floating_point(char *, char *, void *)
 0002:00009990      d343_1
 0002:00009990      __rwstd::__rw_stdexcept_NoNamedException
 0002:00009994      __rwstd::__rw_stdexcept_BadException
 0002:00009998      __rwstd::__rw_stdexcept_BadAllocException
 0002:0000999C      __rwstd::__rw_stdexcept_Error
 0002:00009A00      __ectbl__ __rwstd::except_msg_string::except_msg_string(const char *, ...)
 0002:00009A08      __ectbl__ __rwstd::except_msg_string::except_msg_string(unsigned int, ...)
 0002:00009A10      __odtbl__ std::bad_alloc::~bad_alloc()
 0002:00009A20      __ectbl__ std::bad_alloc::~bad_alloc()
 0002:00009A34      __odtbl__ std::logic_error::~logic_error()
 0002:00009A44      __ectbl__ std::logic_error::~logic_error()
 0002:00009A64      __odtbl__ std::domain_error::~domain_error()
 0002:00009A74      __ectbl__ std::domain_error::~domain_error()
 0002:00009A88      __odtbl__ std::length_error::~length_error()
 0002:00009A98      __ectbl__ std::length_error::~length_error()
 0002:00009AAC      __odtbl__ std::out_of_range::~out_of_range()
 0002:00009ABC      __ectbl__ std::out_of_range::~out_of_range()
 0002:00009AD0      __odtbl__ std::runtime_error::~runtime_error()
 0002:00009AE0      __ectbl__ std::runtime_error::~runtime_error()
 0002:00009B00      d355_0
 0002:00009B00      __rwstd::__rwse_InvalidSizeParam
 0002:00009B04      __rwstd::__rwse_PosBeyondEndOfString
 0002:00009B08      __rwstd::__rwse_ResultLenInvalid
 0002:00009B0C      __rwstd::__rwse_StringIndexOutOfRange
 0002:00009B10      __rwstd::__rwse_UnexpectedNullPtr
 0002:00009C9C      d549_0
 0002:00009C9C      ___xxPersonality
 0002:00009CA0      d551_1
 0002:00009FC0      d553_1
 0002:00009FC0      ___terminatePTR
 0002:00009FC4      ___unexpectdPTR
 0002:00009FC8      __chtbl__ std::terminate()
 0002:00009FE8      __ectbl__ std::terminate()
 0002:00009FFC      d555_1
 0002:00009FFC      ___CPPexceptionList
 0002:0000A000      ___exceptFlags
 0002:0000A004      ___throwFileName
 0002:0000A008      ___throwLineNumber
 0002:0000A00C      ___throwExceptionName
 0002:0000A010      ___exceptStaticBuffP
 0002:0000A014      ___exceptMemAllocVars
 0002:0000A018      ___ExceptStaticXbuff
 0002:0000A098      __ExceptVarsSize
 0002:0000A0AC      __chtbl__ __call_terminate()
 0002:0000A0CC      __ectbl__ __call_terminate()
 0002:0000A0E0      d561_1
 0002:0000A0E0      __stkchk
 0002:0000A0F4      __cfinfo_get
 0002:0000A0F4      d597_1
 0002:0000A0F8      __notUmask
 0002:0000A0F8      d651_1
 0002:0000A0FC      d677_0
 0002:0000A0FC      __fileinfo
 0002:0000A100      __streams
 0002:0000A100      d749_0
 0002:0000A5B0      d751_0
 0002:0000A5B0      __nfile
 0002:0000A5B4      __openfd
 0002:0000A67C      __fmode
 0002:0000A67C      d761_0
 0002:0000A680      d763_1
 0002:0000A680      __fmodeptr
 0002:0000A684      __dosErrorToSV
 0002:0000A684      d827_1
 0002:0000A7B0      __sys_errlist
 0002:0000A7B0      d859_1
 0002:0000A874      __sys_nerr
 0002:0000AC2C      d887_1
 0002:0000ACB0      d955_1
 0002:0000AD28      d1035_0
 0002:0000AD28      __chartype
 0002:0000AF2C      d1037_1
 0002:0000AF2C      __localeconvention
 0002:0000AF68      d1039_1
 0002:0000AFB8      d1041_0
 0002:0000AFB8      __lower
 0002:0000B0B8      __upper
 0002:0000B0B8      d1045_0
 0002:0000B1B8      d1063_1
 0002:0000B1B8      ___mb_cur_max
 0002:0000B1BC      ___localeLock
 0002:0000B2D0      _CMonetary
 0002:0000B2D0      d1065_0
 0002:0000B304      _CNumeric
 0002:0000B31C      _CTimeDate
 0002:0000B3E0      _CLOCALE
 0002:0000B40C      ___locale
 0002:0000B530      d1067_1
 0002:0000B598      d1197_1
 0002:0000B658      __realcvtptr
 0002:0000B658      d1253_1
 0002:0000B65C      __nextrealptr
 0002:0000B660      __scantodptr
 0002:0000B664      __scanrsltptr
 0002:0000B6C0      d1255_1
 0002:0000B6C0      __realcvtwptr
 0002:0000B6C4      __nextrealwptr
 0002:0000B6C8      __scanwtodptr
 0002:0000B6CC      __scanwrsltptr
 0002:0000B728      d1257_0
 0002:0000B728      __default87
 0002:0000B72C      __huge_flt
 0002:0000B72C      d1311_0
 0002:0000B730      __huge_dble
 0002:0000B738      __huge_ldble
 0002:0000B742      __max_flt
 0002:0000B746      __max_dble
 0002:0000B74E      __max_ldble
 0002:0000B758      __indefinite
 0002:0000B75C      __tiny_ldble
 0002:0000B768      ___ieee_64_p_inf
 0002:0000B770      ___ieee_64_n_inf
 0002:0000B778      ___ieee_64_p_nanq
 0002:0000B780      ___ieee_64_n_nanq
 0002:0000B788      ___ieee_64_p_nans
 0002:0000B790      ___ieee_64_n_nans
 0002:0000B798      ___ieee_64_p_zero
 0002:0000B7A0      ___ieee_64_n_zero
 0002:0000B7A8      __turboFloat
 0002:0000B7A8      d1321_0
 0002:0000B7AC      __floatconvert
 0002:0000B7B0      d1359_1
 0002:0000B7B0      __pmatherr
 0002:0000B7B4      __pmatherrl
 0002:0000B7B8      d1387_1
 0002:0000B7CC      d1389_1
 0002:0000B7F4      d1397_1
 0002:0000B81C      d1399_1
 0002:0000B844      __kalpha
 0002:0000B844      d1457_1
 0002:0000B846      __kpunct
 0002:0000B88C      d1593_1
 0002:0000B8B0      d1609_1
 0002:0000B8D4      _errno
 0002:0000B8D4      d1611_1
 0002:0000B8D8      __messagefunc
 0002:0000B8D8      d1613_1
 0002:0000B8DC      __messagefile
 0002:0000B8E8      d1621_1
 0002:0000B910      d1623_1
 0002:0000B930      d1641_1
 0002:0000B950      ___pCallAtExitProcs
 0002:0000B950      d1643_0
 0002:0000B954      __exitbuf
 0002:0000B954      d1679_1
 0002:0000B958      __exitfopen
 0002:0000B95C      __exitopen
 0002:0000B960      __setargv_ptr
 0002:0000B960      d1699_0
 0002:0000B964      __exitargv_ptr
 0002:0000B968      __wsetargv_ptr
 0002:0000B968      d1701_0
 0002:0000B96C      __wexitargv_ptr
 0002:0000B970      d1703_1
 0002:0000B970      __setargv__
 0002:0000B9C4      d1705_1
 0002:0000B9C4      __cmdline_escapes
 0002:0000B9EC      d1707_1
 0002:0000BA10      __argv_expand_ptr
 0002:0000BA10      d1761_0
 0002:0000BA14      __wargv_expand_ptr
 0002:0000BA14      d1763_0
 0002:0000BA18      d1765_1
 0002:0000BA18      __argv0
 0002:0000BA38      d1779_1
 0002:0000BA38      __setenvp__
 0002:0000BA8C      d1783_1
 0002:0000BAEC      d1801_0
 0002:0000BAEC      __isWindows
 0002:0000BAF0      d1803_1
 0002:0000BAF4      d1897_1
 0002:0000BAF4      ___debuggerDisableTerminateCallback
 0003:00000000      b2_2
 0003:00000000      dlMzMain::outputFileSwitch
 0003:00000020      dlMzMain::modeSwitch
 0003:00000040      ObjType::defaultIndexType
 0003:00000040      b28_2
 0003:00000098      b36_2
 0003:000001A4      __new_handler
 0003:000001A4      b215_2
 0003:000001A8      ___bad_alloc
 0003:000001AC      b237_2
 0003:000001AC      __bormm_pfn_FreeMem
 0003:000001B0      __bormm_pfn_GetMem
 0003:000001B4      __bormm_pfn_ReallocMem
 0003:000001B8      __bormm_pfn_HeapAddRef
 0003:000001BC      __bormm_pfn_HeapRelease
 0003:000001C4      b297_2
 0003:00000290      std::cin
 0003:000002D4      std::cout
 0003:00000314      std::cerr
 0003:00000354      std::clog
 0003:0000039C      std::ios_base::Init::__initcnt
 0003:000003A0      b325_2
 0003:000003A8      b327_2
 0003:000003AC      __rwstd::locale_id_imp::__last_used_id
 0003:000003B0      std::locale::__the_classic_locale
 0003:000003B4      std::locale::__the_native_locale
 0003:000003B8      std::locale::__global
 0003:000003BC      b551_2
 0003:000007CC      b555_2
 0003:000007CC      __DestructorCountPtr
 0003:000007D4      b561_2
 0003:000007D4      __HandlerPtr
 0003:000007D8      __UserHandlerPtr
 0003:000007DC      __pidtab
 0003:000007DC      b751_1
 0003:000008A4      __handles
 0003:0000096C      __doserrno
 0003:0000096C      b827_2
 0003:00000970      __mbctype
 0003:00000970      b1457_2
 0003:00000A74      __mbcsCodePage
 0003:00000A78      b1593_2
 0003:00000B78      b1609_2
 0003:00000B94      __ostype
 0003:00000B94      b1621_2
 0003:00000B98      b1703_2
 0003:00000B98      __argv
 0003:00000BA4      b1705_2
 0003:00000BA8      b1707_2
 0003:00000BAC      __environ
 0003:00000BAC      b1779_2
 0003:00000BB4      __envsize
 0003:00000BB8      __env_lock
 0003:00000BBC      __C0argc
 0003:00000BBC      b1801_1
 0003:00000BC0      __C0argv
 0003:00000BC4      __C0environ
 0003:00000BC8      __oscmd
 0003:00000BCC      __osenv
 0003:00000BD0      __argc
 0003:00000BD4      __dll_table
 0003:00000BDC      __ExcRegPtr
 0003:00000BE0      __wosenv
 0003:00000BE4      __woscmd
 0003:00000BE8      __wC0argv
 0003:00000BEC      __wC0environ
 0003:00000BF0      __exe_table
 0003:00000BF8      __stkbase
 0003:00000BFC      b1897_2
 0003:00000C00      ___pCPPdebugHook
 0004:00000000      t555_3
 0004:00000000      ___xxInfo
